Archive member included because of file (symbol)

c:/program files (x86)/atmel/studio/7.0/toolchain/arm/arm-gnu-toolchain/bin/../lib/gcc/arm-none-eabi/4.9.3/armv7-m\libgcc.a(_arm_truncdfsf2.o)
                              src/uart_util.o (__aeabi_d2f)
c:/program files (x86)/atmel/studio/7.0/toolchain/arm/arm-gnu-toolchain/bin/../lib/gcc/arm-none-eabi/4.9.3/armv7-m\libgcc.a(_arm_addsubsf3.o)
                              src/task_reg.o (__aeabi_fadd)
c:/program files (x86)/atmel/studio/7.0/toolchain/arm/arm-gnu-toolchain/bin/../lib/gcc/arm-none-eabi/4.9.3/armv7-m\libgcc.a(_arm_muldivsf3.o)
                              src/task_reg.o (__aeabi_fmul)
c:/program files (x86)/atmel/studio/7.0/toolchain/arm/arm-gnu-toolchain/bin/../lib/gcc/arm-none-eabi/4.9.3/armv7-m\libgcc.a(_arm_fixsfsi.o)
                              src/task_reg.o (__aeabi_f2iz)
c:/program files (x86)/atmel/studio/7.0/toolchain/arm/arm-gnu-toolchain/bin/../lib/gcc/arm-none-eabi/4.9.3/armv7-m\libgcc.a(_arm_fixunssfsi.o)
                              src/task_reg.o (__aeabi_f2uiz)
c:/program files (x86)/atmel/studio/7.0/toolchain/arm/arm-gnu-toolchain/bin/../lib/gcc/arm-none-eabi/4.9.3/../../../../arm-none-eabi/lib/armv7-m\libc.a(lib_a-atof.o)
                              src/uart_util.o (atof)
c:/program files (x86)/atmel/studio/7.0/toolchain/arm/arm-gnu-toolchain/bin/../lib/gcc/arm-none-eabi/4.9.3/../../../../arm-none-eabi/lib/armv7-m\libc.a(lib_a-atoi.o)
                              src/uart_util.o (atoi)
c:/program files (x86)/atmel/studio/7.0/toolchain/arm/arm-gnu-toolchain/bin/../lib/gcc/arm-none-eabi/4.9.3/../../../../arm-none-eabi/lib/armv7-m\libc.a(lib_a-exit.o)
                              c:/program files (x86)/atmel/studio/7.0/toolchain/arm/arm-gnu-toolchain/bin/../lib/gcc/arm-none-eabi/4.9.3/../../../../arm-none-eabi/lib/armv7-m/crt0.o (exit)
c:/program files (x86)/atmel/studio/7.0/toolchain/arm/arm-gnu-toolchain/bin/../lib/gcc/arm-none-eabi/4.9.3/../../../../arm-none-eabi/lib/armv7-m\libc.a(lib_a-gets.o)
                              src/uart_util.o (gets)
c:/program files (x86)/atmel/studio/7.0/toolchain/arm/arm-gnu-toolchain/bin/../lib/gcc/arm-none-eabi/4.9.3/../../../../arm-none-eabi/lib/armv7-m\libc.a(lib_a-impure.o)
                              c:/program files (x86)/atmel/studio/7.0/toolchain/arm/arm-gnu-toolchain/bin/../lib/gcc/arm-none-eabi/4.9.3/../../../../arm-none-eabi/lib/armv7-m\libc.a(lib_a-exit.o) (_global_impure_ptr)
c:/program files (x86)/atmel/studio/7.0/toolchain/arm/arm-gnu-toolchain/bin/../lib/gcc/arm-none-eabi/4.9.3/../../../../arm-none-eabi/lib/armv7-m\libc.a(lib_a-init.o)
                              c:/program files (x86)/atmel/studio/7.0/toolchain/arm/arm-gnu-toolchain/bin/../lib/gcc/arm-none-eabi/4.9.3/../../../../arm-none-eabi/lib/armv7-m/crt0.o (__libc_init_array)
c:/program files (x86)/atmel/studio/7.0/toolchain/arm/arm-gnu-toolchain/bin/../lib/gcc/arm-none-eabi/4.9.3/../../../../arm-none-eabi/lib/armv7-m\libc.a(lib_a-iprintf.o)
                              src/task_com.o (iprintf)
c:/program files (x86)/atmel/studio/7.0/toolchain/arm/arm-gnu-toolchain/bin/../lib/gcc/arm-none-eabi/4.9.3/../../../../arm-none-eabi/lib/armv7-m\libc.a(lib_a-itoa.o)
                              src/task_com.o (itoa)
c:/program files (x86)/atmel/studio/7.0/toolchain/arm/arm-gnu-toolchain/bin/../lib/gcc/arm-none-eabi/4.9.3/../../../../arm-none-eabi/lib/armv7-m\libc.a(lib_a-memcpy.o)
                              src/ASF/thirdparty/freertos/freertos-7.3.0/source/queue.o (memcpy)
c:/program files (x86)/atmel/studio/7.0/toolchain/arm/arm-gnu-toolchain/bin/../lib/gcc/arm-none-eabi/4.9.3/../../../../arm-none-eabi/lib/armv7-m\libc.a(lib_a-memset.o)
                              c:/program files (x86)/atmel/studio/7.0/toolchain/arm/arm-gnu-toolchain/bin/../lib/gcc/arm-none-eabi/4.9.3/../../../../arm-none-eabi/lib/armv7-m/crt0.o (memset)
c:/program files (x86)/atmel/studio/7.0/toolchain/arm/arm-gnu-toolchain/bin/../lib/gcc/arm-none-eabi/4.9.3/../../../../arm-none-eabi/lib/armv7-m\libc.a(lib_a-puts.o)
                              src/ASF/sam/drivers/adc/adc.o (puts)
c:/program files (x86)/atmel/studio/7.0/toolchain/arm/arm-gnu-toolchain/bin/../lib/gcc/arm-none-eabi/4.9.3/../../../../arm-none-eabi/lib/armv7-m\libc.a(lib_a-rget.o)
                              c:/program files (x86)/atmel/studio/7.0/toolchain/arm/arm-gnu-toolchain/bin/../lib/gcc/arm-none-eabi/4.9.3/../../../../arm-none-eabi/lib/armv7-m\libc.a(lib_a-gets.o) (__srget_r)
c:/program files (x86)/atmel/studio/7.0/toolchain/arm/arm-gnu-toolchain/bin/../lib/gcc/arm-none-eabi/4.9.3/../../../../arm-none-eabi/lib/armv7-m\libc.a(lib_a-setbuf.o)
                              src/ASF/thirdparty/wireless/addons/sio2host/uart/sio2host.o (setbuf)
c:/program files (x86)/atmel/studio/7.0/toolchain/arm/arm-gnu-toolchain/bin/../lib/gcc/arm-none-eabi/4.9.3/../../../../arm-none-eabi/lib/armv7-m\libc.a(lib_a-setvbuf.o)
[...]
Memory Configuration

Name             Origin             Length             Attributes
rom              0x00080000         0x00080000         xr
sram0            0x20000000         0x00010000         xrw
sram1            0x20080000         0x00008000         xrw
ram              0x20070000         0x00018000         xrw
*default*        0x00000000         0xffffffff

Linker script and memory map

LOAD c:/program files (x86)/atmel/studio/7.0/toolchain/arm/arm-gnu-toolchain/bin/../lib/gcc/arm-none-eabi/4.9.3/armv7-m/crti.o
LOAD c:/program files (x86)/atmel/studio/7.0/toolchain/arm/arm-gnu-toolchain/bin/../lib/gcc/arm-none-eabi/4.9.3/armv7-m/crtbegin.o
LOAD c:/program files (x86)/atmel/studio/7.0/toolchain/arm/arm-gnu-toolchain/bin/../lib/gcc/arm-none-eabi/4.9.3/../../../../arm-none-eabi/lib/armv7-m/crt0.o
LOAD src/adc_func.o
LOAD src/ASF/common/services/delay/sam/cycle_counter.o
LOAD src/ASF/common/utils/stdio/read.o
LOAD src/ASF/thirdparty/freertos/freertos-7.3.0/source/FreeRTOS_CLI.o
LOAD src/ASF/thirdparty/wireless/addons/sio2host/uart/sio2host.o
LOAD src/motorshield.o
LOAD src/pwm_func.o
LOAD src/task_com.o
LOAD src/task_reg.o
LOAD src/uart_util.o
LOAD src/ASF/thirdparty/freertos/freertos-7.3.0/source/list.o
LOAD src/ASF/thirdparty/freertos/freertos-7.3.0/source/portable/gcc/sam/port.o
LOAD src/ASF/thirdparty/freertos/freertos-7.3.0/source/portable/memmang/heap_4.o
LOAD src/ASF/thirdparty/freertos/freertos-7.3.0/source/queue.o
LOAD src/ASF/thirdparty/freertos/freertos-7.3.0/source/tasks.o
LOAD src/ASF/thirdparty/freertos/freertos-7.3.0/source/timers.o
LOAD src/ASF/common/utils/stdio/write.o
LOAD src/ASF/sam/drivers/adc/adc.o
LOAD src/ASF/sam/drivers/usart/usart.o
LOAD src/ASF/sam/drivers/adc/adc_sam3u.o
LOAD src/ASF/common/services/serial/usart_serial.o
LOAD src/ASF/sam/drivers/pwm/pwm.o
LOAD src/ASF/sam/drivers/tc/tc.o
LOAD src/ASF/sam/drivers/uart/uart.o
LOAD src/ASF/common/services/clock/sam3x/sysclk.o
LOAD src/ASF/common/utils/interrupt/interrupt_sam_nvic.o
LOAD src/ASF/sam/boards/arduino_due_x/init.o
LOAD src/ASF/sam/drivers/pio/pio.o
LOAD src/ASF/sam/drivers/pio/pio_handler.o
LOAD src/ASF/sam/drivers/pmc/pmc.o
LOAD src/ASF/sam/drivers/pmc/sleep.o
LOAD src/ASF/sam/utils/cmsis/sam3x/source/templates/exceptions.o
LOAD src/ASF/sam/utils/cmsis/sam3x/source/templates/gcc/startup_sam3x.o
LOAD src/ASF/sam/utils/cmsis/sam3x/source/templates/system_sam3x.o
LOAD src/ASF/sam/utils/syscalls/gcc/syscalls.o
LOAD src/main.o
START GROUP
LOAD ../src/ASF/thirdparty/CMSIS/Lib/GCC\libarm_cortexM3l_math.a
LOAD c:/program files (x86)/atmel/studio/7.0/toolchain/arm/arm-gnu-toolchain/bin/../lib/gcc/arm-none-eabi/4.9.3/../../../../arm-none-eabi/lib/armv7-m\libm.a
END GROUP
START GROUP
LOAD c:/program files (x86)/atmel/studio/7.0/toolchain/arm/arm-gnu-toolchain/bin/../lib/gcc/arm-none-eabi/4.9.3/armv7-m\libgcc.a
LOAD c:/program files (x86)/atmel/studio/7.0/toolchain/arm/arm-gnu-toolchain/bin/../lib/gcc/arm-none-eabi/4.9.3/../../../../arm-none-eabi/lib/armv7-m\libc.a
END GROUP
LOAD c:/program files (x86)/atmel/studio/7.0/toolchain/arm/arm-gnu-toolchain/bin/../lib/gcc/arm-none-eabi/4.9.3/armv7-m/crtend.o
LOAD c:/program files (x86)/atmel/studio/7.0/toolchain/arm/arm-gnu-toolchain/bin/../lib/gcc/arm-none-eabi/4.9.3/armv7-m/crtn.o
                0x00002000                __stack_size__ = DEFINED (__stack_size__)?__stack_size__:0x2000
                0x20087ffc                __ram_end__ = ((ORIGIN (ram) + 0x18000) - 0x4)

.text           0x00080000     0x8f84
                0x00080000                . = ALIGN (0x4)
                0x00080000                _sfixed = .
 *(.vectors .vectors.*)
 .vectors       0x00080000       0xf4 src/ASF/sam/utils/cmsis/sam3x/source/templates/gcc/startup_sam3x.o
                0x00080000                exception_table
 *(.text .text.* .gnu.linkonce.t.*)
 .text          0x000800f4       0x5c c:/program files (x86)/atmel/studio/7.0/toolchain/arm/arm-gnu-toolchain/bin/../lib/gcc/arm-none-eabi/4.9.3/armv7-m/crtbegin.o
 .text.adc_config
                0x00080150       0x64 src/adc_func.o
                0x00080150                adc_config
 .text._read    0x000801b4       0x34 src/ASF/common/utils/stdio/read.o
                0x000801b4                _read
 .text.USART0_Handler
                0x000801e8       0x5c src/ASF/thirdparty/wireless/addons/sio2host/uart/sio2host.o
                0x000801e8                USART0_Handler
 .text.motorshield_init
                0x00080244       0x24 src/motorshield.o
                0x00080244                motorshield_init
 .text.pwm_config
                0x00080268       0x90 src/pwm_func.o
                0x00080268                pwm_config
 .text.pwm_set_value
                0x000802f8       0x24 src/pwm_func.o
                0x000802f8                pwm_set_value
 .text.task_com
                0x0008031c       0xa8 src/task_com.o
                0x0008031c                task_com
 .text.update_vars
                0x000803c4       0x50 src/task_reg.o
                0x000803c4                update_vars
 .text.filter_adc
                0x00080414       0x60 src/task_reg.o
                0x00080414                filter_adc
 .text.calc_dist
                0x00080474       0x44 src/task_reg.o
                0x00080474                calc_dist
 .text.regulate_PID
                0x000804b8      0x10c src/task_reg.o
                0x000804b8                regulate_PID
 .text.task_reg
                0x000805c4       0x6c src/task_reg.o
                0x000805c4                task_reg
 .text.usart_serial_getchar
                0x00080630       0x90 src/uart_util.o
 .text.usart_serial_putchar
                0x000806c0       0x8c src/uart_util.o
 .text.param_init
                0x0008074c       0xc4 src/uart_util.o
                0x0008074c                param_init
 .text.configure_console
                0x00080810       0x7c src/uart_util.o
                0x00080810                configure_console
 .text.vListInitialise
                0x0008088c       0x16 src/ASF/thirdparty/freertos/freertos-7.3.0/source/list.o
                0x0008088c                vListInitialise
 .text.vListInitialiseItem
                0x000808a2        0x6 src/ASF/thirdparty/freertos/freertos-7.3.0/source/list.o
                0x000808a2                vListInitialiseItem
 .text.vListInsertEnd
                0x000808a8       0x1c src/ASF/thirdparty/freertos/freertos-7.3.0/source/list.o
                0x000808a8                vListInsertEnd
 .text.vListInsert
                0x000808c4       0x30 src/ASF/thirdparty/freertos/freertos-7.3.0/source/list.o
                0x000808c4                vListInsert
 .text.uxListRemove
                0x000808f4       0x26 src/ASF/thirdparty/freertos/freertos-7.3.0/source/list.o
                0x000808f4                uxListRemove
 *fill*         0x0008091a        0x2 
 .text.prvPortStartFirstTask
                0x0008091c       0x14 src/ASF/thirdparty/freertos/freertos-7.3.0/source/portable/gcc/sam/port.o
 .text.pxPortInitialiseStack
                0x00080930       0x16 src/ASF/thirdparty/freertos/freertos-7.3.0/source/portable/gcc/sam/port.o
                0x00080930                pxPortInitialiseStack
 *fill*         0x00080946        0x2 
 .text.SVC_Handler
                0x00080948       0x20 src/ASF/thirdparty/freertos/freertos-7.3.0/source/portable/gcc/sam/port.o
                0x00080948                SVC_Handler
 .text.vPortYieldFromISR
                0x00080968       0x10 src/ASF/thirdparty/freertos/freertos-7.3.0/source/portable/gcc/sam/port.o
                0x00080968                vPortYieldFromISR
 .text.ulPortSetInterruptMask
                0x00080978       0x10 src/ASF/thirdparty/freertos/freertos-7.3.0/source/portable/gcc/sam/port.o
                0x00080978                ulPortSetInterruptMask
 .text.vPortEnterCritical
                0x00080988       0x18 src/ASF/thirdparty/freertos/freertos-7.3.0/source/portable/gcc/sam/port.o
                0x00080988                vPortEnterCritical
 .text.vPortClearInterruptMask
                0x000809a0        0x6 src/ASF/thirdparty/freertos/freertos-7.3.0/source/portable/gcc/sam/port.o
                0x000809a0                vPortClearInterruptMask
 *fill*         0x000809a6        0x2 
 .text.vPortExitCritical
                0x000809a8       0x1c src/ASF/thirdparty/freertos/freertos-7.3.0/source/portable/gcc/sam/port.o
                0x000809a8                vPortExitCritical
 .text.PendSV_Handler
                0x000809c4       0x3c src/ASF/thirdparty/freertos/freertos-7.3.0/source/portable/gcc/sam/port.o
                0x000809c4                PendSV_Handler
 .text.SysTick_Handler
                0x00080a00       0x2c src/ASF/thirdparty/freertos/freertos-7.3.0/source/portable/gcc/sam/port.o
                0x00080a00                SysTick_Handler
 .text.vPortSetupTimerInterrupt
                0x00080a2c       0x18 src/ASF/thirdparty/freertos/freertos-7.3.0/source/portable/gcc/sam/port.o
                0x00080a2c                vPortSetupTimerInterrupt
 .text.xPortStartScheduler
                0x00080a44       0x38 src/ASF/thirdparty/freertos/freertos-7.3.0/source/portable/gcc/sam/port.o
                0x00080a44                xPortStartScheduler
 .text.prvInsertBlockIntoFreeList
                0x00080a7c       0x4c src/ASF/thirdparty/freertos/freertos-7.3.0/source/portable/memmang/heap_4.o
 .text.pvPortMalloc
                0x00080ac8       0xb8 src/ASF/thirdparty/freertos/freertos-7.3.0/source/portable/memmang/heap_4.o
                0x00080ac8                pvPortMalloc
 .text.vPortFree
                0x00080b80       0x34 src/ASF/thirdparty/freertos/freertos-7.3.0/source/portable/memmang/heap_4.o
                0x00080b80                vPortFree
 .text.prvCopyDataToQueue
                0x00080bb4       0x60 src/ASF/thirdparty/freertos/freertos-7.3.0/source/queue.o
 .text.prvCopyDataFromQueue
                0x00080c14       0x28 src/ASF/thirdparty/freertos/freertos-7.3.0/source/queue.o
 .text.prvUnlockQueue
                0x00080c3c       0x70 src/ASF/thirdparty/freertos/freertos-7.3.0/source/queue.o
 .text.xQueueGenericReset
                0x00080cac       0x7c src/ASF/thirdparty/freertos/freertos-7.3.0/source/queue.o
                0x00080cac                xQueueGenericReset
 .text.xQueueGenericCreate
                0x00080d28       0x58 src/ASF/thirdparty/freertos/freertos-7.3.0/source/queue.o
                0x00080d28                xQueueGenericCreate
 .text.xQueueGenericSend
                0x00080d80      0x11c src/ASF/thirdparty/freertos/freertos-7.3.0/source/queue.o
                0x00080d80                xQueueGenericSend
 .text.xQueueGenericSendFromISR
                0x00080e9c       0x7c src/ASF/thirdparty/freertos/freertos-7.3.0/source/queue.o
                0x00080e9c                xQueueGenericSendFromISR
 .text.xQueueGenericReceive
                0x00080f18      0x158 src/ASF/thirdparty/freertos/freertos-7.3.0/source/queue.o
                0x00080f18                xQueueGenericReceive
 .text.vQueueWaitForMessageRestricted
                0x00081070       0x48 src/ASF/thirdparty/freertos/freertos-7.3.0/source/queue.o
                0x00081070                vQueueWaitForMessageRestricted
 .text.prvAddCurrentTaskToDelayedList
                0x000810b8       0x50 src/ASF/thirdparty/freertos/freertos-7.3.0/source/tasks.o
 .text.xTaskGenericCreate
                0x00081108      0x1d0 src/ASF/thirdparty/freertos/freertos-7.3.0/source/tasks.o
                0x00081108                xTaskGenericCreate
 .text.vTaskStartScheduler
                0x000812d8       0x6c src/ASF/thirdparty/freertos/freertos-7.3.0/source/tasks.o
                0x000812d8                vTaskStartScheduler
 .text.vTaskSuspendAll
                0x00081344       0x10 src/ASF/thirdparty/freertos/freertos-7.3.0/source/tasks.o
                0x00081344                vTaskSuspendAll
 .text.xTaskGetTickCount
                0x00081354       0x20 src/ASF/thirdparty/freertos/freertos-7.3.0/source/tasks.o
                0x00081354                xTaskGetTickCount
 .text.vTaskIncrementTick
                0x00081374       0xec src/ASF/thirdparty/freertos/freertos-7.3.0/source/tasks.o
                0x00081374                vTaskIncrementTick
 .text.xTaskResumeAll
                0x00081460       0xe8 src/ASF/thirdparty/freertos/freertos-7.3.0/source/tasks.o
                0x00081460                xTaskResumeAll
 .text.vTaskDelayUntil
                0x00081548       0x88 src/ASF/thirdparty/freertos/freertos-7.3.0/source/tasks.o
                0x00081548                vTaskDelayUntil
 .text.prvIdleTask
                0x000815d0       0x80 src/ASF/thirdparty/freertos/freertos-7.3.0/source/tasks.o
 .text.vTaskSwitchContext
                0x00081650       0x70 src/ASF/thirdparty/freertos/freertos-7.3.0/source/tasks.o
                0x00081650                vTaskSwitchContext
 .text.vTaskPlaceOnEventList
                0x000816c0       0x5c src/ASF/thirdparty/freertos/freertos-7.3.0/source/tasks.o
                0x000816c0                vTaskPlaceOnEventList
 .text.vTaskPlaceOnEventListRestricted
                0x0008171c       0x44 src/ASF/thirdparty/freertos/freertos-7.3.0/source/tasks.o
                0x0008171c                vTaskPlaceOnEventListRestricted
 .text.xTaskRemoveFromEventList
                0x00081760       0x78 src/ASF/thirdparty/freertos/freertos-7.3.0/source/tasks.o
                0x00081760                xTaskRemoveFromEventList
 .text.vTaskSetTimeOutState
                0x000817d8       0x28 src/ASF/thirdparty/freertos/freertos-7.3.0/source/tasks.o
                0x000817d8                vTaskSetTimeOutState
 .text.xTaskCheckForTimeOut
                0x00081800       0x78 src/ASF/thirdparty/freertos/freertos-7.3.0/source/tasks.o
                0x00081800                xTaskCheckForTimeOut
 .text.vTaskMissedYield
                0x00081878        0xc src/ASF/thirdparty/freertos/freertos-7.3.0/source/tasks.o
                0x00081878                vTaskMissedYield
 .text.xTaskGetCurrentTaskHandle
                0x00081884        0xc src/ASF/thirdparty/freertos/freertos-7.3.0/source/tasks.o
                0x00081884                xTaskGetCurrentTaskHandle
 .text.xTaskGetSchedulerState
                0x00081890       0x1c src/ASF/thirdparty/freertos/freertos-7.3.0/source/tasks.o
                0x00081890                xTaskGetSchedulerState
 .text.vTaskPriorityInherit
                0x000818ac       0x70 src/ASF/thirdparty/freertos/freertos-7.3.0/source/tasks.o
                0x000818ac                vTaskPriorityInherit
 .text.vTaskPriorityDisinherit
                0x0008191c       0x4c src/ASF/thirdparty/freertos/freertos-7.3.0/source/tasks.o
                0x0008191c                vTaskPriorityDisinherit
 .text.prvCheckForValidListAndQueue
                0x00081968       0x60 src/ASF/thirdparty/freertos/freertos-7.3.0/source/timers.o
 .text.prvInsertTimerInActiveList
                0x000819c8       0x40 src/ASF/thirdparty/freertos/freertos-7.3.0/source/timers.o
 .text.xTimerCreateTimerTask
                0x00081a08       0x50 src/ASF/thirdparty/freertos/freertos-7.3.0/source/timers.o
                0x00081a08                xTimerCreateTimerTask
 .text.xTimerGenericCommand
                0x00081a58       0x50 src/ASF/thirdparty/freertos/freertos-7.3.0/source/timers.o
                0x00081a58                xTimerGenericCommand
 .text.prvSwitchTimerLists.isra.1
                0x00081aa8       0x7c src/ASF/thirdparty/freertos/freertos-7.3.0/source/timers.o
 .text.prvTimerTask
                0x00081b24      0x190 src/ASF/thirdparty/freertos/freertos-7.3.0/source/timers.o
 .text._write   0x00081cb4       0x38 src/ASF/common/utils/stdio/write.o
                0x00081cb4                _write
 .text.adc_init
                0x00081cec       0x32 src/ASF/sam/drivers/adc/adc.o
                0x00081cec                adc_init
 .text.adc_set_resolution
                0x00081d1e       0x10 src/ASF/sam/drivers/adc/adc.o
                0x00081d1e                adc_set_resolution
 .text.adc_configure_trigger
                0x00081d2e        0xe src/ASF/sam/drivers/adc/adc.o
                0x00081d2e                adc_configure_trigger
 .text.adc_configure_timing
                0x00081d3c       0x1a src/ASF/sam/drivers/adc/adc.o
                0x00081d3c                adc_configure_timing
 .text.adc_start
                0x00081d56        0x6 src/ASF/sam/drivers/adc/adc.o
                0x00081d56                adc_start
 .text.adc_enable_channel
                0x00081d5c        0x8 src/ASF/sam/drivers/adc/adc.o
                0x00081d5c                adc_enable_channel
 .text.adc_get_latest_value
                0x00081d64        0x4 src/ASF/sam/drivers/adc/adc.o
                0x00081d64                adc_get_latest_value
 .text.adc_get_status
                0x00081d68        0x4 src/ASF/sam/drivers/adc/adc.o
                0x00081d68                adc_get_status
 .text.usart_write
                0x00081d6c       0x12 src/ASF/sam/drivers/usart/usart.o
                0x00081d6c                usart_write
 .text.usart_read
                0x00081d7e       0x16 src/ASF/sam/drivers/usart/usart.o
                0x00081d7e                usart_read
 .text.usart_serial_read_packet
                0x00081d94       0x9c src/ASF/common/services/serial/usart_serial.o
                0x00081d94                usart_serial_read_packet
 .text.pwm_clocks_generate
                0x00081e30       0x4c src/ASF/sam/drivers/pwm/pwm.o
 .text.pwm_init
                0x00081e7c       0x40 src/ASF/sam/drivers/pwm/pwm.o
                0x00081e7c                pwm_init
 .text.pwm_channel_init
                0x00081ebc       0xf8 src/ASF/sam/drivers/pwm/pwm.o
                0x00081ebc                pwm_channel_init
 .text.pwm_channel_update_duty
                0x00081fb4       0x1e src/ASF/sam/drivers/pwm/pwm.o
                0x00081fb4                pwm_channel_update_duty
 .text.pwm_channel_enable
                0x00081fd2        0x8 src/ASF/sam/drivers/pwm/pwm.o
                0x00081fd2                pwm_channel_enable
 .text.pwm_channel_disable
                0x00081fda        0x8 src/ASF/sam/drivers/pwm/pwm.o
                0x00081fda                pwm_channel_disable
 .text.uart_init
                0x00081fe2       0x36 src/ASF/sam/drivers/uart/uart.o
                0x00081fe2                uart_init
 .text.uart_write
                0x00082018        0xe src/ASF/sam/drivers/uart/uart.o
                0x00082018                uart_write
 .text.uart_read
                0x00082026       0x10 src/ASF/sam/drivers/uart/uart.o
                0x00082026                uart_read
 *fill*         0x00082036        0x2 
 .text.sysclk_init
                0x00082038       0x64 src/ASF/common/services/clock/sam3x/sysclk.o
                0x00082038                sysclk_init
 .text.board_init
                0x0008209c       0x80 src/ASF/sam/boards/arduino_due_x/init.o
                0x0008209c                board_init
 .text.pio_set_peripheral
                0x0008211c       0x3c src/ASF/sam/drivers/pio/pio.o
                0x0008211c                pio_set_peripheral
 .text.pio_set_input
                0x00082158       0x2c src/ASF/sam/drivers/pio/pio.o
                0x00082158                pio_set_input
 .text.pio_set_output
                0x00082184       0x24 src/ASF/sam/drivers/pio/pio.o
                0x00082184                pio_set_output
 .text.pio_get_interrupt_status
                0x000821a8        0x4 src/ASF/sam/drivers/pio/pio.o
                0x000821a8                pio_get_interrupt_status
 .text.pio_get_interrupt_mask
                0x000821ac        0x4 src/ASF/sam/drivers/pio/pio.o
                0x000821ac                pio_get_interrupt_mask
 .text.pio_configure_pin
                0x000821b0       0xc4 src/ASF/sam/drivers/pio/pio.o
                0x000821b0                pio_configure_pin
 .text.pio_configure_pin_group
                0x00082274       0x88 src/ASF/sam/drivers/pio/pio.o
                0x00082274                pio_configure_pin_group
 .text.pio_handler_process
                0x000822fc       0x5c src/ASF/sam/drivers/pio/pio_handler.o
                0x000822fc                pio_handler_process
 .text.PIOA_Handler
                0x00082358       0x14 src/ASF/sam/drivers/pio/pio_handler.o
                0x00082358                PIOA_Handler
 .text.PIOB_Handler
                0x0008236c       0x14 src/ASF/sam/drivers/pio/pio_handler.o
                0x0008236c                PIOB_Handler
 .text.PIOC_Handler
                0x00082380       0x14 src/ASF/sam/drivers/pio/pio_handler.o
                0x00082380                PIOC_Handler
 .text.PIOD_Handler
                0x00082394       0x14 src/ASF/sam/drivers/pio/pio_handler.o
                0x00082394                PIOD_Handler
 .text.pmc_switch_mck_to_pllack
                0x000823a8       0x44 src/ASF/sam/drivers/pmc/pmc.o
                0x000823a8                pmc_switch_mck_to_pllack
 .text.pmc_switch_mainck_to_xtal
                0x000823ec       0x4c src/ASF/sam/drivers/pmc/pmc.o
                0x000823ec                pmc_switch_mainck_to_xtal
 .text.pmc_osc_is_ready_mainck
                0x00082438       0x10 src/ASF/sam/drivers/pmc/pmc.o
                0x00082438                pmc_osc_is_ready_mainck
 .text.pmc_disable_pllack
                0x00082448       0x10 src/ASF/sam/drivers/pmc/pmc.o
                0x00082448                pmc_disable_pllack
 .text.pmc_is_locked_pllack
                0x00082458       0x10 src/ASF/sam/drivers/pmc/pmc.o
                0x00082458                pmc_is_locked_pllack
 .text.pmc_enable_periph_clk
                0x00082468       0x3c src/ASF/sam/drivers/pmc/pmc.o
                0x00082468                pmc_enable_periph_clk
 .text.Dummy_Handler
                0x000824a4        0x2 src/ASF/sam/utils/cmsis/sam3x/source/templates/exceptions.o
                0x000824a4                DACC_Handler
                0x000824a4                DebugMon_Handler
                0x000824a4                DMAC_Handler
                0x000824a4                TRNG_Handler
                0x000824a4                HardFault_Handler
                0x000824a4                TC2_Handler
                0x000824a4                USART3_Handler
                0x000824a4                TWI1_Handler
                0x000824a4                NMI_Handler
                0x000824a4                TC7_Handler
                0x000824a4                ADC_Handler
                0x000824a4                SMC_Handler
                0x000824a4                RTT_Handler
                0x000824a4                EFC1_Handler
                0x000824a4                RTC_Handler
                0x000824a4                UsageFault_Handler
                0x000824a4                TC6_Handler
                0x000824a4                WDT_Handler
                0x000824a4                CAN0_Handler
                0x000824a4                TC4_Handler
                0x000824a4                TC1_Handler
                0x000824a4                HSMCI_Handler
                0x000824a4                TC3_Handler
                0x000824a4                Dummy_Handler
                0x000824a4                TWI0_Handler
                0x000824a4                USART1_Handler
                0x000824a4                SSC_Handler
                0x000824a4                EFC0_Handler
                0x000824a4                PMC_Handler
                0x000824a4                PWM_Handler
                0x000824a4                CAN1_Handler
                0x000824a4                MemManage_Handler
                0x000824a4                SUPC_Handler
                0x000824a4                TC8_Handler
                0x000824a4                USART2_Handler
                0x000824a4                EMAC_Handler
                0x000824a4                UART_Handler
                0x000824a4                BusFault_Handler
                0x000824a4                RSTC_Handler
                0x000824a4                TC0_Handler
                0x000824a4                TC5_Handler
                0x000824a4                UOTGHS_Handler
                0x000824a4                SPI0_Handler
 *fill*         0x000824a6        0x2 
 .text.Reset_Handler
                0x000824a8       0x80 src/ASF/sam/utils/cmsis/sam3x/source/templates/gcc/startup_sam3x.o
                0x000824a8                Reset_Handler
 .text.SystemCoreClockUpdate
                0x00082528       0xd0 src/ASF/sam/utils/cmsis/sam3x/source/templates/system_sam3x.o
                0x00082528                SystemCoreClockUpdate
 .text._sbrk    0x000825f8       0x2c src/ASF/sam/utils/syscalls/gcc/syscalls.o
                0x000825f8                _sbrk
 .text._close   0x00082624        0x6 src/ASF/sam/utils/syscalls/gcc/syscalls.o
                0x00082624                _close
 .text._fstat   0x0008262a        0xa src/ASF/sam/utils/syscalls/gcc/syscalls.o
                0x0008262a                _fstat
 .text._isatty  0x00082634        0x4 src/ASF/sam/utils/syscalls/gcc/syscalls.o
                0x00082634                _isatty
 .text._lseek   0x00082638        0x4 src/ASF/sam/utils/syscalls/gcc/syscalls.o
                0x00082638                _lseek
 .text.startup.main
                0x0008263c      0x174 src/main.o
                0x0008263c                main
 .text          0x000827b0       0xa0 c:/program files (x86)/atmel/studio/7.0/toolchain/arm/arm-gnu-toolchain/bin/../lib/gcc/arm-none-eabi/4.9.3/armv7-m\libgcc.a(_arm_truncdfsf2.o)
                0x000827b0                __truncdfsf2
                0x000827b0                __aeabi_d2f
 .text          0x00082850      0x21c c:/program files (x86)/atmel/studio/7.0/toolchain/arm/arm-gnu-toolchain/bin/../lib/gcc/arm-none-eabi/4.9.3/armv7-m\libgcc.a(_arm_addsubsf3.o)
                0x00082850                __aeabi_frsub
                0x00082858                __subsf3
                0x00082858                __aeabi_fsub
                0x0008285c                __aeabi_fadd
                0x0008285c                __addsf3
                0x000829bc                __aeabi_ui2f
                0x000829bc                __floatunsisf
                0x000829c4                __aeabi_i2f
                0x000829c4                __floatsisf
                0x000829e0                __aeabi_ul2f
                0x000829e0                __floatundisf
                0x000829f0                __aeabi_l2f
                0x000829f0                __floatdisf
 .text          0x00082a6c      0x2a0 c:/program files (x86)/atmel/studio/7.0/toolchain/arm/arm-gnu-toolchain/bin/../lib/gcc/arm-none-eabi/4.9.3/armv7-m\libgcc.a(_arm_muldivsf3.o)
                0x00082a6c                __mulsf3
                0x00082a6c                __aeabi_fmul
                0x00082bd4                __aeabi_fdiv
                0x00082bd4                __divsf3
 .text          0x00082d0c       0x4c c:/program files (x86)/atmel/studio/7.0/toolchain/arm/arm-gnu-toolchain/bin/../lib/gcc/arm-none-eabi/4.9.3/armv7-m\libgcc.a(_arm_fixsfsi.o)
                0x00082d0c                __aeabi_f2iz
                0x00082d0c                __fixsfsi
 .text          0x00082d58       0x40 c:/program files (x86)/atmel/studio/7.0/toolchain/arm/arm-gnu-toolchain/bin/../lib/gcc/arm-none-eabi/4.9.3/armv7-m\libgcc.a(_arm_fixunssfsi.o)
                0x00082d58                __fixunssfsi
                0x00082d58                __aeabi_f2uiz
 .text.atof     0x00082d98        0x8 c:/program files (x86)/atmel/studio/7.0/toolchain/arm/arm-gnu-toolchain/bin/../lib/gcc/arm-none-eabi/4.9.3/../../../../arm-none-eabi/lib/armv7-m\libc.a(lib_a-atof.o)
                0x00082d98                atof
 .text.atoi     0x00082da0        0x8 c:/program files (x86)/atmel/studio/7.0/toolchain/arm/arm-gnu-toolchain/bin/../lib/gcc/arm-none-eabi/4.9.3/../../../../arm-none-eabi/lib/armv7-m\libc.a(lib_a-atoi.o)
                0x00082da0                atoi
 .text._gets_r  0x00082da8       0x4c c:/program files (x86)/atmel/studio/7.0/toolchain/arm/arm-gnu-toolchain/bin/../lib/gcc/arm-none-eabi/4.9.3/../../../../arm-none-eabi/lib/armv7-m\libc.a(lib_a-gets.o)
                0x00082da8                _gets_r
 .text.gets     0x00082df4       0x10 c:/program files (x86)/atmel/studio/7.0/toolchain/arm/arm-gnu-toolchain/bin/../lib/gcc/arm-none-eabi/4.9.3/../../../../arm-none-eabi/lib/armv7-m\libc.a(lib_a-gets.o)
                0x00082df4                gets
 .text.__libc_init_array
                0x00082e04       0x50 c:/program files (x86)/atmel/studio/7.0/toolchain/arm/arm-gnu-toolchain/bin/../lib/gcc/arm-none-eabi/4.9.3/../../../../arm-none-eabi/lib/armv7-m\libc.a(lib_a-init.o)
                0x00082e04                __libc_init_array
 .text.iprintf  0x00082e54       0x28 c:/program files (x86)/atmel/studio/7.0/toolchain/arm/arm-gnu-toolchain/bin/../lib/gcc/arm-none-eabi/4.9.3/../../../../arm-none-eabi/lib/armv7-m\libc.a(lib_a-iprintf.o)
                0x00082e54                iprintf
 .text.__itoa   0x00082e7c       0x30 c:/program files (x86)/atmel/studio/7.0/toolchain/arm/arm-gnu-toolchain/bin/../lib/gcc/arm-none-eabi/4.9.3/../../../../arm-none-eabi/lib/armv7-m\libc.a(lib_a-itoa.o)
                0x00082e7c                __itoa
 .text.itoa     0x00082eac        0x4 c:/program files (x86)/atmel/studio/7.0/toolchain/arm/arm-gnu-toolchain/bin/../lib/gcc/arm-none-eabi/4.9.3/../../../../arm-none-eabi/lib/armv7-m\libc.a(lib_a-itoa.o)
                0x00082eac                itoa
 .text          0x00082eb0       0xec c:/program files (x86)/atmel/studio/7.0/toolchain/arm/arm-gnu-toolchain/bin/../lib/gcc/arm-none-eabi/4.9.3/../../../../arm-none-eabi/lib/armv7-m\libc.a(lib_a-memcpy.o)
                0x00082eb0                memcpy
 .text.memset   0x00082f9c       0x9c c:/program files (x86)/atmel/studio/7.0/toolchain/arm/arm-gnu-toolchain/bin/../lib/gcc/arm-none-eabi/4.9.3/../../../../arm-none-eabi/lib/armv7-m\libc.a(lib_a-memset.o)
                0x00082f9c                memset
 .text.__srget_r
                0x00083038       0x34 c:/program files (x86)/atmel/studio/7.0/toolchain/arm/arm-gnu-toolchain/bin/../lib/gcc/arm-none-eabi/4.9.3/../../../../arm-none-eabi/lib/armv7-m\libc.a(lib_a-rget.o)
                0x00083038                __srget_r
 .text.setbuf   0x0008306c       0x10 c:/program files (x86)/atmel/studio/7.0/toolchain/arm/arm-gnu-toolchain/bin/../lib/gcc/arm-none-eabi/4.9.3/../../../../arm-none-eabi/lib/armv7-m\libc.a(lib_a-setbuf.o)
                0x0008306c                setbuf
 .text.setvbuf  0x0008307c       0xf8 c:/program files (x86)/atmel/studio/7.0/toolchain/arm/arm-gnu-toolchain/bin/../lib/gcc/arm-none-eabi/4.9.3/../../../../arm-none-eabi/lib/armv7-m\libc.a(lib_a-setvbuf.o)
                0x0008307c                setvbuf
 .text.strlen   0x00083174       0x5c c:/program files (x86)/atmel/studio/7.0/toolchain/arm/arm-gnu-toolchain/bin/../lib/gcc/arm-none-eabi/4.9.3/../../../../arm-none-eabi/lib/armv7-m\libc.a(lib_a-strlen.o)
                0x00083174                strlen
 .text.strncmp  0x000831d0       0x94 c:/program files (x86)/atmel/studio/7.0/toolchain/arm/arm-gnu-toolchain/bin/../lib/gcc/arm-none-eabi/4.9.3/../../../../arm-none-eabi/lib/armv7-m\libc.a(lib_a-strncmp.o)
                0x000831d0                strncmp
 .text.strncpy  0x00083264       0x68 c:/program files (x86)/atmel/studio/7.0/toolchain/arm/arm-gnu-toolchain/bin/../lib/gcc/arm-none-eabi/4.9.3/../../../../arm-none-eabi/lib/armv7-m\libc.a(lib_a-strncpy.o)
                0x00083264                strncpy
 .text.sulp     0x000832cc       0x44 c:/program files (x86)/atmel/studio/7.0/toolchain/arm/arm-gnu-toolchain/bin/../lib/gcc/arm-none-eabi/4.9.3/../../../../arm-none-eabi/lib/armv7-m\libc.a(lib_a-strtod.o)
 .text._strtod_r
                0x00083310      0xf30 c:/program files (x86)/atmel/studio/7.0/toolchain/arm/arm-gnu-toolchain/bin/../lib/gcc/arm-none-eabi/4.9.3/../../../../arm-none-eabi/lib/armv7-m\libc.a(lib_a-strtod.o)
                0x00083310                _strtod_r
 .text.strtod   0x00084240       0x10 c:/program files (x86)/atmel/studio/7.0/toolchain/arm/arm-gnu-toolchain/bin/../lib/gcc/arm-none-eabi/4.9.3/../../../../arm-none-eabi/lib/armv7-m\libc.a(lib_a-strtod.o)
                0x00084240                strtod
 .text._strtol_r
                0x00084250      0x11c c:/program files (x86)/atmel/studio/7.0/toolchain/arm/arm-gnu-toolchain/bin/../lib/gcc/arm-none-eabi/4.9.3/../../../../arm-none-eabi/lib/armv7-m\libc.a(lib_a-strtol.o)
                0x00084250                _strtol_r
 .text.strtol   0x0008436c       0x18 c:/program files (x86)/atmel/studio/7.0/toolchain/arm/arm-gnu-toolchain/bin/../lib/gcc/arm-none-eabi/4.9.3/../../../../arm-none-eabi/lib/armv7-m\libc.a(lib_a-strtol.o)
                0x0008436c                strtol
 .text.__utoa   0x00084384       0x80 c:/program files (x86)/atmel/studio/7.0/toolchain/arm/arm-gnu-toolchain/bin/../lib/gcc/arm-none-eabi/4.9.3/../../../../arm-none-eabi/lib/armv7-m\libc.a(lib_a-utoa.o)
                0x00084384                __utoa
 .text.__sprint_r.part.0
                0x00084404       0x78 c:/program files (x86)/atmel/studio/7.0/toolchain/arm/arm-gnu-toolchain/bin/../lib/gcc/arm-none-eabi/4.9.3/../../../../arm-none-eabi/lib/armv7-m\libc.a(lib_a-vfiprintf.o)
 .text._vfiprintf_r
                0x0008447c      0xc10 c:/program files (x86)/atmel/studio/7.0/toolchain/arm/arm-gnu-toolchain/bin/../lib/gcc/arm-none-eabi/4.9.3/../../../../arm-none-eabi/lib/armv7-m\libc.a(lib_a-vfiprintf.o)
                0x0008447c                _vfiprintf_r
 .text.__sbprintf
                0x0008508c       0x7c c:/program files (x86)/atmel/studio/7.0/toolchain/arm/arm-gnu-toolchain/bin/../lib/gcc/arm-none-eabi/4.9.3/../../../../arm-none-eabi/lib/armv7-m\libc.a(lib_a-vfiprintf.o)
 .text.__swsetup_r
                0x00085108       0xc4 c:/program files (x86)/atmel/studio/7.0/toolchain/arm/arm-gnu-toolchain/bin/../lib/gcc/arm-none-eabi/4.9.3/../../../../arm-none-eabi/lib/armv7-m\libc.a(lib_a-wsetup.o)
                0x00085108                __swsetup_r
 .text.startup.register_fini
                0x000851cc       0x14 c:/program files (x86)/atmel/studio/7.0/toolchain/arm/arm-gnu-toolchain/bin/../lib/gcc/arm-none-eabi/4.9.3/../../../../arm-none-eabi/lib/armv7-m\libc.a(lib_a-__call_atexit.o)
 .text.atexit   0x000851e0        0xc c:/program files (x86)/atmel/studio/7.0/toolchain/arm/arm-gnu-toolchain/bin/../lib/gcc/arm-none-eabi/4.9.3/../../../../arm-none-eabi/lib/armv7-m\libc.a(lib_a-atexit.o)
                0x000851e0                atexit
 .text.__sflush_r
                0x000851ec      0x148 c:/program files (x86)/atmel/studio/7.0/toolchain/arm/arm-gnu-toolchain/bin/../lib/gcc/arm-none-eabi/4.9.3/../../../../arm-none-eabi/lib/armv7-m\libc.a(lib_a-fflush.o)
                0x000851ec                __sflush_r
 .text._fflush_r
                0x00085334       0x2c c:/program files (x86)/atmel/studio/7.0/toolchain/arm/arm-gnu-toolchain/bin/../lib/gcc/arm-none-eabi/4.9.3/../../../../arm-none-eabi/lib/armv7-m\libc.a(lib_a-fflush.o)
                0x00085334                _fflush_r
 .text.fflush   0x00085360       0x24 c:/program files (x86)/atmel/studio/7.0/toolchain/arm/arm-gnu-toolchain/bin/../lib/gcc/arm-none-eabi/4.9.3/../../../../arm-none-eabi/lib/armv7-m\libc.a(lib_a-fflush.o)
                0x00085360                fflush
 .text._cleanup_r
                0x00085384        0xc c:/program files (x86)/atmel/studio/7.0/toolchain/arm/arm-gnu-toolchain/bin/../lib/gcc/arm-none-eabi/4.9.3/../../../../arm-none-eabi/lib/armv7-m\libc.a(lib_a-findfp.o)
                0x00085384                _cleanup_r
 .text.__sinit.part.1
                0x00085390       0xf0 c:/program files (x86)/atmel/studio/7.0/toolchain/arm/arm-gnu-toolchain/bin/../lib/gcc/arm-none-eabi/4.9.3/../../../../arm-none-eabi/lib/armv7-m\libc.a(lib_a-findfp.o)
 .text.__sinit  0x00085480        0xc c:/program files (x86)/atmel/studio/7.0/toolchain/arm/arm-gnu-toolchain/bin/../lib/gcc/arm-none-eabi/4.9.3/../../../../arm-none-eabi/lib/armv7-m\libc.a(lib_a-findfp.o)
                0x00085480                __sinit
 .text.__sfp_lock_acquire
                0x0008548c        0x4 c:/program files (x86)/atmel/studio/7.0/toolchain/arm/arm-gnu-toolchain/bin/../lib/gcc/arm-none-eabi/4.9.3/../../../../arm-none-eabi/lib/armv7-m\libc.a(lib_a-findfp.o)
                0x0008548c                __sfp_lock_acquire
 .text.__sfp_lock_release
                0x00085490        0x4 c:/program files (x86)/atmel/studio/7.0/toolchain/arm/arm-gnu-toolchain/bin/../lib/gcc/arm-none-eabi/4.9.3/../../../../arm-none-eabi/lib/armv7-m\libc.a(lib_a-findfp.o)
                0x00085490                __sfp_lock_release
 .text.__libc_fini_array
                0x00085494       0x2c c:/program files (x86)/atmel/studio/7.0/toolchain/arm/arm-gnu-toolchain/bin/../lib/gcc/arm-none-eabi/4.9.3/../../../../arm-none-eabi/lib/armv7-m\libc.a(lib_a-fini.o)
                0x00085494                __libc_fini_array
 .text.__fputwc
                0x000854c0       0xb0 c:/program files (x86)/atmel/studio/7.0/toolchain/arm/arm-gnu-toolchain/bin/../lib/gcc/arm-none-eabi/4.9.3/../../../../arm-none-eabi/lib/armv7-m\libc.a(lib_a-fputwc.o)
                0x000854c0                __fputwc
 .text._fputwc_r
                0x00085570       0x24 c:/program files (x86)/atmel/studio/7.0/toolchain/arm/arm-gnu-toolchain/bin/../lib/gcc/arm-none-eabi/4.9.3/../../../../arm-none-eabi/lib/armv7-m\libc.a(lib_a-fputwc.o)
                0x00085570                _fputwc_r
 .text._malloc_trim_r
                0x00085594       0x9c c:/program files (x86)/atmel/studio/7.0/toolchain/arm/arm-gnu-toolchain/bin/../lib/gcc/arm-none-eabi/4.9.3/../../../../arm-none-eabi/lib/armv7-m\libc.a(lib_a-freer.o)
                0x00085594                _malloc_trim_r
 .text._free_r  0x00085630      0x1b0 c:/program files (x86)/atmel/studio/7.0/toolchain/arm/arm-gnu-toolchain/bin/../lib/gcc/arm-none-eabi/4.9.3/../../../../arm-none-eabi/lib/armv7-m\libc.a(lib_a-freer.o)
                0x00085630                _free_r
 .text.__sfvwrite_r
                0x000857e0      0x320 c:/program files (x86)/atmel/studio/7.0/toolchain/arm/arm-gnu-toolchain/bin/../lib/gcc/arm-none-eabi/4.9.3/../../../../arm-none-eabi/lib/armv7-m\libc.a(lib_a-fvwrite.o)
                0x000857e0                __sfvwrite_r
 .text._fwalk   0x00085b00       0x48 c:/program files (x86)/atmel/studio/7.0/toolchain/arm/arm-gnu-toolchain/bin/../lib/gcc/arm-none-eabi/4.9.3/../../../../arm-none-eabi/lib/armv7-m\libc.a(lib_a-fwalk.o)
                0x00085b00                _fwalk
 .text._fwalk_reent
                0x00085b48       0x50 c:/program files (x86)/atmel/studio/7.0/toolchain/arm/arm-gnu-toolchain/bin/../lib/gcc/arm-none-eabi/4.9.3/../../../../arm-none-eabi/lib/armv7-m\libc.a(lib_a-fwalk.o)
                0x00085b48                _fwalk_reent
 .text.rshift   0x00085b98       0xa0 c:/program files (x86)/atmel/studio/7.0/toolchain/arm/arm-gnu-toolchain/bin/../lib/gcc/arm-none-eabi/4.9.3/../../../../arm-none-eabi/lib/armv7-m\libc.a(lib_a-gdtoa-gethex.o)
 .text.__gethex
                0x00085c38      0x514 c:/program files (x86)/atmel/studio/7.0/toolchain/arm/arm-gnu-toolchain/bin/../lib/gcc/arm-none-eabi/4.9.3/../../../../arm-none-eabi/lib/armv7-m\libc.a(lib_a-gdtoa-gethex.o)
                0x00085c38                __gethex
 .text.__hexnan
                0x0008614c      0x184 c:/program files (x86)/atmel/studio/7.0/toolchain/arm/arm-gnu-toolchain/bin/../lib/gcc/arm-none-eabi/4.9.3/../../../../arm-none-eabi/lib/armv7-m\libc.a(lib_a-gdtoa-hexnan.o)
                0x0008614c                __hexnan
 .text.__locale_charset
                0x000862d0        0x8 c:/program files (x86)/atmel/studio/7.0/toolchain/arm/arm-gnu-toolchain/bin/../lib/gcc/arm-none-eabi/4.9.3/../../../../arm-none-eabi/lib/armv7-m\libc.a(lib_a-locale.o)
                0x000862d0                __locale_charset
 .text.__locale_mb_cur_max
                0x000862d8        0xc c:/program files (x86)/atmel/studio/7.0/toolchain/arm/arm-gnu-toolchain/bin/../lib/gcc/arm-none-eabi/4.9.3/../../../../arm-none-eabi/lib/armv7-m\libc.a(lib_a-locale.o)
                0x000862d8                __locale_mb_cur_max
 .text._localeconv_r
                0x000862e4        0x8 c:/program files (x86)/atmel/studio/7.0/toolchain/arm/arm-gnu-toolchain/bin/../lib/gcc/arm-none-eabi/4.9.3/../../../../arm-none-eabi/lib/armv7-m\libc.a(lib_a-locale.o)
                0x000862e4                _localeconv_r
 .text.__smakebuf_r
                0x000862ec       0xe0 c:/program files (x86)/atmel/studio/7.0/toolchain/arm/arm-gnu-toolchain/bin/../lib/gcc/arm-none-eabi/4.9.3/../../../../arm-none-eabi/lib/armv7-m\libc.a(lib_a-makebuf.o)
                0x000862ec                __smakebuf_r
 .text.malloc   0x000863cc       0x10 c:/program files (x86)/atmel/studio/7.0/toolchain/arm/arm-gnu-toolchain/bin/../lib/gcc/arm-none-eabi/4.9.3/../../../../arm-none-eabi/lib/armv7-m\libc.a(lib_a-malloc.o)
                0x000863cc                malloc
 .text._malloc_r
                0x000863dc      0x50c c:/program files (x86)/atmel/studio/7.0/toolchain/arm/arm-gnu-toolchain/bin/../lib/gcc/arm-none-eabi/4.9.3/../../../../arm-none-eabi/lib/armv7-m\libc.a(lib_a-mallocr.o)
                0x000863dc                _malloc_r
 .text.memchr   0x000868e8       0x94 c:/program files (x86)/atmel/studio/7.0/toolchain/arm/arm-gnu-toolchain/bin/../lib/gcc/arm-none-eabi/4.9.3/../../../../arm-none-eabi/lib/armv7-m\libc.a(lib_a-memchr.o)
                0x000868e8                memchr
 .text.memmove  0x0008697c       0xc8 c:/program files (x86)/atmel/studio/7.0/toolchain/arm/arm-gnu-toolchain/bin/../lib/gcc/arm-none-eabi/4.9.3/../../../../arm-none-eabi/lib/armv7-m\libc.a(lib_a-memmove.o)
                0x0008697c                memmove
 .text.__malloc_lock
                0x00086a44        0x4 c:/program files (x86)/atmel/studio/7.0/toolchain/arm/arm-gnu-toolchain/bin/../lib/gcc/arm-none-eabi/4.9.3/../../../../arm-none-eabi/lib/armv7-m\libc.a(lib_a-mlock.o)
                0x00086a44                __malloc_lock
 .text.__malloc_unlock
                0x00086a48        0x4 c:/program files (x86)/atmel/studio/7.0/toolchain/arm/arm-gnu-toolchain/bin/../lib/gcc/arm-none-eabi/4.9.3/../../../../arm-none-eabi/lib/armv7-m\libc.a(lib_a-mlock.o)
                0x00086a48                __malloc_unlock
 .text._Balloc  0x00086a4c       0x50 c:/program files (x86)/atmel/studio/7.0/toolchain/arm/arm-gnu-toolchain/bin/../lib/gcc/arm-none-eabi/4.9.3/../../../../arm-none-eabi/lib/armv7-m\libc.a(lib_a-mprec.o)
                0x00086a4c                _Balloc
 .text._Bfree   0x00086a9c       0x14 c:/program files (x86)/atmel/studio/7.0/toolchain/arm/arm-gnu-toolchain/bin/../lib/gcc/arm-none-eabi/4.9.3/../../../../arm-none-eabi/lib/armv7-m\libc.a(lib_a-mprec.o)
                0x00086a9c                _Bfree
 .text.__multadd
                0x00086ab0       0x84 c:/program files (x86)/atmel/studio/7.0/toolchain/arm/arm-gnu-toolchain/bin/../lib/gcc/arm-none-eabi/4.9.3/../../../../arm-none-eabi/lib/armv7-m\libc.a(lib_a-mprec.o)
                0x00086ab0                __multadd
 .text.__s2b    0x00086b34       0x98 c:/program files (x86)/atmel/studio/7.0/toolchain/arm/arm-gnu-toolchain/bin/../lib/gcc/arm-none-eabi/4.9.3/../../../../arm-none-eabi/lib/armv7-m\libc.a(lib_a-mprec.o)
                0x00086b34                __s2b
 .text.__hi0bits
                0x00086bcc       0x40 c:/program files (x86)/atmel/studio/7.0/toolchain/arm/arm-gnu-toolchain/bin/../lib/gcc/arm-none-eabi/4.9.3/../../../../arm-none-eabi/lib/armv7-m\libc.a(lib_a-mprec.o)
                0x00086bcc                __hi0bits
 .text.__lo0bits
                0x00086c0c       0x5c c:/program files (x86)/atmel/studio/7.0/toolchain/arm/arm-gnu-toolchain/bin/../lib/gcc/arm-none-eabi/4.9.3/../../../../arm-none-eabi/lib/armv7-m\libc.a(lib_a-mprec.o)
                0x00086c0c                __lo0bits
 .text.__i2b    0x00086c68       0x14 c:/program files (x86)/atmel/studio/7.0/toolchain/arm/arm-gnu-toolchain/bin/../lib/gcc/arm-none-eabi/4.9.3/../../../../arm-none-eabi/lib/armv7-m\libc.a(lib_a-mprec.o)
                0x00086c68                __i2b
 .text.__multiply
                0x00086c7c      0x140 c:/program files (x86)/atmel/studio/7.0/toolchain/arm/arm-gnu-toolchain/bin/../lib/gcc/arm-none-eabi/4.9.3/../../../../arm-none-eabi/lib/armv7-m\libc.a(lib_a-mprec.o)
                0x00086c7c                __multiply
 .text.__pow5mult
                0x00086dbc       0xa0 c:/program files (x86)/atmel/studio/7.0/toolchain/arm/arm-gnu-toolchain/bin/../lib/gcc/arm-none-eabi/4.9.3/../../../../arm-none-eabi/lib/armv7-m\libc.a(lib_a-mprec.o)
                0x00086dbc                __pow5mult
 .text.__lshift
                0x00086e5c       0xb0 c:/program files (x86)/atmel/studio/7.0/toolchain/arm/arm-gnu-toolchain/bin/../lib/gcc/arm-none-eabi/4.9.3/../../../../arm-none-eabi/lib/armv7-m\libc.a(lib_a-mprec.o)
                0x00086e5c                __lshift
 .text.__mcmp   0x00086f0c       0x48 c:/program files (x86)/atmel/studio/7.0/toolchain/arm/arm-gnu-toolchain/bin/../lib/gcc/arm-none-eabi/4.9.3/../../../../arm-none-eabi/lib/armv7-m\libc.a(lib_a-mprec.o)
                0x00086f0c                __mcmp
 .text.__mdiff  0x00086f54       0xe4 c:/program files (x86)/atmel/studio/7.0/toolchain/arm/arm-gnu-toolchain/bin/../lib/gcc/arm-none-eabi/4.9.3/../../../../arm-none-eabi/lib/armv7-m\libc.a(lib_a-mprec.o)
                0x00086f54                __mdiff
 .text.__ulp    0x00087038       0x44 c:/program files (x86)/atmel/studio/7.0/toolchain/arm/arm-gnu-toolchain/bin/../lib/gcc/arm-none-eabi/4.9.3/../../../../arm-none-eabi/lib/armv7-m\libc.a(lib_a-mprec.o)
                0x00087038                __ulp
 .text.__b2d    0x0008707c       0xd0 c:/program files (x86)/atmel/studio/7.0/toolchain/arm/arm-gnu-toolchain/bin/../lib/gcc/arm-none-eabi/4.9.3/../../../../arm-none-eabi/lib/armv7-m\libc.a(lib_a-mprec.o)
                0x0008707c                __b2d
 .text.__d2b    0x0008714c       0xa8 c:/program files (x86)/atmel/studio/7.0/toolchain/arm/arm-gnu-toolchain/bin/../lib/gcc/arm-none-eabi/4.9.3/../../../../arm-none-eabi/lib/armv7-m\libc.a(lib_a-mprec.o)
                0x0008714c                __d2b
 .text.__ratio  0x000871f4       0x58 c:/program files (x86)/atmel/studio/7.0/toolchain/arm/arm-gnu-toolchain/bin/../lib/gcc/arm-none-eabi/4.9.3/../../../../arm-none-eabi/lib/armv7-m\libc.a(lib_a-mprec.o)
                0x000871f4                __ratio
 .text.__copybits
                0x0008724c       0x48 c:/program files (x86)/atmel/studio/7.0/toolchain/arm/arm-gnu-toolchain/bin/../lib/gcc/arm-none-eabi/4.9.3/../../../../arm-none-eabi/lib/armv7-m\libc.a(lib_a-mprec.o)
                0x0008724c                __copybits
 .text.__any_on
                0x00087294       0x5c c:/program files (x86)/atmel/studio/7.0/toolchain/arm/arm-gnu-toolchain/bin/../lib/gcc/arm-none-eabi/4.9.3/../../../../arm-none-eabi/lib/armv7-m\libc.a(lib_a-mprec.o)
                0x00087294                __any_on
 .text._realloc_r
                0x000872f0      0x3e0 c:/program files (x86)/atmel/studio/7.0/toolchain/arm/arm-gnu-toolchain/bin/../lib/gcc/arm-none-eabi/4.9.3/../../../../arm-none-eabi/lib/armv7-m\libc.a(lib_a-reallocr.o)
                0x000872f0                _realloc_r
 .text.lflush   0x000876d0       0x14 c:/program files (x86)/atmel/studio/7.0/toolchain/arm/arm-gnu-toolchain/bin/../lib/gcc/arm-none-eabi/4.9.3/../../../../arm-none-eabi/lib/armv7-m\libc.a(lib_a-refill.o)
 .text.__srefill_r
                0x000876e4      0x110 c:/program files (x86)/atmel/studio/7.0/toolchain/arm/arm-gnu-toolchain/bin/../lib/gcc/arm-none-eabi/4.9.3/../../../../arm-none-eabi/lib/armv7-m\libc.a(lib_a-refill.o)
                0x000876e4                __srefill_r
 .text._sbrk_r  0x000877f4       0x24 c:/program files (x86)/atmel/studio/7.0/toolchain/arm/arm-gnu-toolchain/bin/../lib/gcc/arm-none-eabi/4.9.3/../../../../arm-none-eabi/lib/armv7-m\libc.a(lib_a-sbrkr.o)
                0x000877f4                _sbrk_r
 .text.__sread  0x00087818       0x24 c:/program files (x86)/atmel/studio/7.0/toolchain/arm/arm-gnu-toolchain/bin/../lib/gcc/arm-none-eabi/4.9.3/../../../../arm-none-eabi/lib/armv7-m\libc.a(lib_a-stdio.o)
                0x00087818                __sread
 .text.__swrite
                0x0008783c       0x38 c:/program files (x86)/atmel/studio/7.0/toolchain/arm/arm-gnu-toolchain/bin/../lib/gcc/arm-none-eabi/4.9.3/../../../../arm-none-eabi/lib/armv7-m\libc.a(lib_a-stdio.o)
                0x0008783c                __swrite
 .text.__sseek  0x00087874       0x20 c:/program files (x86)/atmel/studio/7.0/toolchain/arm/arm-gnu-toolchain/bin/../lib/gcc/arm-none-eabi/4.9.3/../../../../arm-none-eabi/lib/armv7-m\libc.a(lib_a-stdio.o)
                0x00087874                __sseek
 .text.__sclose
                0x00087894        0x8 c:/program files (x86)/atmel/studio/7.0/toolchain/arm/arm-gnu-toolchain/bin/../lib/gcc/arm-none-eabi/4.9.3/../../../../arm-none-eabi/lib/armv7-m\libc.a(lib_a-stdio.o)
                0x00087894                __sclose
 .text.__swbuf_r
                0x0008789c       0xa8 c:/program files (x86)/atmel/studio/7.0/toolchain/arm/arm-gnu-toolchain/bin/../lib/gcc/arm-none-eabi/4.9.3/../../../../arm-none-eabi/lib/armv7-m\libc.a(lib_a-wbuf.o)
                0x0008789c                __swbuf_r
 .text._wcrtomb_r
                0x00087944       0x54 c:/program files (x86)/atmel/studio/7.0/toolchain/arm/arm-gnu-toolchain/bin/../lib/gcc/arm-none-eabi/4.9.3/../../../../arm-none-eabi/lib/armv7-m\libc.a(lib_a-wcrtomb.o)
                0x00087944                _wcrtomb_r
 .text.__ascii_wctomb
                0x00087998       0x1c c:/program files (x86)/atmel/studio/7.0/toolchain/arm/arm-gnu-toolchain/bin/../lib/gcc/arm-none-eabi/4.9.3/../../../../arm-none-eabi/lib/armv7-m\libc.a(lib_a-wctomb_r.o)
                0x00087998                __ascii_wctomb
 .text._write_r
                0x000879b4       0x28 c:/program files (x86)/atmel/studio/7.0/toolchain/arm/arm-gnu-toolchain/bin/../lib/gcc/arm-none-eabi/4.9.3/../../../../arm-none-eabi/lib/armv7-m\libc.a(lib_a-writer.o)
                0x000879b4                _write_r
 .text.__register_exitproc
                0x000879dc       0xa4 c:/program files (x86)/atmel/studio/7.0/toolchain/arm/arm-gnu-toolchain/bin/../lib/gcc/arm-none-eabi/4.9.3/../../../../arm-none-eabi/lib/armv7-m\libc.a(lib_a-__atexit.o)
                0x000879dc                __register_exitproc
 .text._calloc_r
                0x00087a80       0x60 c:/program files (x86)/atmel/studio/7.0/toolchain/arm/arm-gnu-toolchain/bin/../lib/gcc/arm-none-eabi/4.9.3/../../../../arm-none-eabi/lib/armv7-m\libc.a(lib_a-callocr.o)
                0x00087a80                _calloc_r
 .text._close_r
                0x00087ae0       0x24 c:/program files (x86)/atmel/studio/7.0/toolchain/arm/arm-gnu-toolchain/bin/../lib/gcc/arm-none-eabi/4.9.3/../../../../arm-none-eabi/lib/armv7-m\libc.a(lib_a-closer.o)
                0x00087ae0                _close_r
 .text._fclose_r
                0x00087b04       0x84 c:/program files (x86)/atmel/studio/7.0/toolchain/arm/arm-gnu-toolchain/bin/../lib/gcc/arm-none-eabi/4.9.3/../../../../arm-none-eabi/lib/armv7-m\libc.a(lib_a-fclose.o)
                0x00087b04                _fclose_r
 .text._fstat_r
                0x00087b88       0x28 c:/program files (x86)/atmel/studio/7.0/toolchain/arm/arm-gnu-toolchain/bin/../lib/gcc/arm-none-eabi/4.9.3/../../../../arm-none-eabi/lib/armv7-m\libc.a(lib_a-fstatr.o)
                0x00087b88                _fstat_r
 .text._isatty_r
                0x00087bb0       0x24 c:/program files (x86)/atmel/studio/7.0/toolchain/arm/arm-gnu-toolchain/bin/../lib/gcc/arm-none-eabi/4.9.3/../../../../arm-none-eabi/lib/armv7-m\libc.a(lib_a-isattyr.o)
                0x00087bb0                _isatty_r
 .text._lseek_r
                0x00087bd4       0x28 c:/program files (x86)/atmel/studio/7.0/toolchain/arm/arm-gnu-toolchain/bin/../lib/gcc/arm-none-eabi/4.9.3/../../../../arm-none-eabi/lib/armv7-m\libc.a(lib_a-lseekr.o)
                0x00087bd4                _lseek_r
 .text._read_r  0x00087bfc       0x28 c:/program files (x86)/atmel/studio/7.0/toolchain/arm/arm-gnu-toolchain/bin/../lib/gcc/arm-none-eabi/4.9.3/../../../../arm-none-eabi/lib/armv7-m\libc.a(lib_a-readr.o)
                0x00087bfc                _read_r
 .text          0x00087c24      0x370 c:/program files (x86)/atmel/studio/7.0/toolchain/arm/arm-gnu-toolchain/bin/../lib/gcc/arm-none-eabi/4.9.3/armv7-m\libgcc.a(_arm_addsubdf3.o)
                0x00087c24                __aeabi_drsub
                0x00087c2c                __aeabi_dsub
                0x00087c2c                __subdf3
                0x00087c30                __aeabi_dadd
                0x00087c30                __adddf3
                0x00087ea8                __floatunsidf
                0x00087ea8                __aeabi_ui2d
                0x00087ec8                __floatsidf
                0x00087ec8                __aeabi_i2d
                0x00087eec                __aeabi_f2d
                0x00087eec                __extendsfdf2
                0x00087f28                __floatundidf
                0x00087f28                __aeabi_ul2d
                0x00087f38                __floatdidf
                0x00087f38                __aeabi_l2d
 .text          0x00087f94      0x424 c:/program files (x86)/atmel/studio/7.0/toolchain/arm/arm-gnu-toolchain/bin/../lib/gcc/arm-none-eabi/4.9.3/armv7-m\libgcc.a(_arm_muldivdf3.o)
                0x00087f94                __aeabi_dmul
                0x00087f94                __muldf3
                0x000881e8                __divdf3
                0x000881e8                __aeabi_ddiv
 .text          0x000883b8      0x110 c:/program files (x86)/atmel/studio/7.0/toolchain/arm/arm-gnu-toolchain/bin/../lib/gcc/arm-none-eabi/4.9.3/armv7-m\libgcc.a(_arm_cmpdf2.o)
                0x000883b8                __gtdf2
                0x000883b8                __gedf2
                0x000883c0                __ltdf2
                0x000883c0                __ledf2
                0x000883c8                __nedf2
                0x000883c8                __eqdf2
                0x000883c8                __cmpdf2
                0x00088444                __aeabi_cdrcmple
                0x00088454                __aeabi_cdcmpeq
                0x00088454                __aeabi_cdcmple
                0x00088464                __aeabi_dcmpeq
                0x00088478                __aeabi_dcmplt
                0x0008848c                __aeabi_dcmple
                0x000884a0                __aeabi_dcmpge
                0x000884b4                __aeabi_dcmpgt
 .text          0x000884c8       0x50 c:/program files (x86)/atmel/studio/7.0/toolchain/arm/arm-gnu-toolchain/bin/../lib/gcc/arm-none-eabi/4.9.3/armv7-m\libgcc.a(_arm_fixdfsi.o)
                0x000884c8                __aeabi_d2iz
                0x000884c8                __fixdfsi
 .text          0x00088518       0x40 c:/program files (x86)/atmel/studio/7.0/toolchain/arm/arm-gnu-toolchain/bin/../lib/gcc/arm-none-eabi/4.9.3/armv7-m\libgcc.a(_arm_fixunsdfsi.o)
                0x00088518                __aeabi_d2uiz
                0x00088518                __fixunsdfsi
 .text          0x00088558       0x30 c:/program files (x86)/atmel/studio/7.0/toolchain/arm/arm-gnu-toolchain/bin/../lib/gcc/arm-none-eabi/4.9.3/armv7-m\libgcc.a(_aeabi_uldivmod.o)
                0x00088558                __aeabi_uldivmod
 .text          0x00088588       0x60 c:/program files (x86)/atmel/studio/7.0/toolchain/arm/arm-gnu-toolchain/bin/../lib/gcc/arm-none-eabi/4.9.3/armv7-m\libgcc.a(bpabi.o)
                0x00088588                __gnu_ldivmod_helper
                0x000885b8                __gnu_uldivmod_helper
 .text          0x000885e8        0x4 c:/program files (x86)/atmel/studio/7.0/toolchain/arm/arm-gnu-toolchain/bin/../lib/gcc/arm-none-eabi/4.9.3/armv7-m\libgcc.a(_dvmd_tls.o)
                0x000885e8                __aeabi_idiv0
                0x000885e8                __aeabi_ldiv0
 .text          0x000885ec      0x2ac c:/program files (x86)/atmel/studio/7.0/toolchain/arm/arm-gnu-toolchain/bin/../lib/gcc/arm-none-eabi/4.9.3/armv7-m\libgcc.a(_divdi3.o)
                0x000885ec                __divdi3
 .text          0x00088898      0x270 c:/program files (x86)/atmel/studio/7.0/toolchain/arm/arm-gnu-toolchain/bin/../lib/gcc/arm-none-eabi/4.9.3/armv7-m\libgcc.a(_udivdi3.o)
                0x00088898                __udivdi3
 *(.glue_7t)
 .glue_7t       0x00000000        0x0 linker stubs
 *(.glue_7)
 .glue_7        0x00000000        0x0 linker stubs
 *(.rodata .rodata* .gnu.linkonce.r.*)
 .rodata.str1.1
                0x00000000        0x0 src/task_com.o
                                  0x2 (size before relaxing)
 .rodata.b.8965
                0x00088b08       0x10 src/task_reg.o
 .rodata.str1.1
                0x00088b18       0x17 src/ASF/thirdparty/freertos/freertos-7.3.0/source/tasks.o
                                 0x1a (size before relaxing)
 .rodata.str1.1
                0x00088b2f        0x8 src/ASF/thirdparty/freertos/freertos-7.3.0/source/timers.o
 *fill*         0x00088b37        0x1 
 .rodata        0x00088b38       0x2c src/ASF/sam/drivers/pwm/pwm.o
 .rodata.str1.1
                0x00088b64        0x8 src/main.o
                                  0xa (size before relaxing)
 .rodata.str1.4
                0x00088b6c        0x2 c:/program files (x86)/atmel/studio/7.0/toolchain/arm/arm-gnu-toolchain/bin/../lib/gcc/arm-none-eabi/4.9.3/../../../../arm-none-eabi/lib/armv7-m\libc.a(lib_a-impure.o)
 *fill*         0x00088b6e        0x2 
 .rodata._global_impure_ptr
                0x00088b70        0x4 c:/program files (x86)/atmel/studio/7.0/toolchain/arm/arm-gnu-toolchain/bin/../lib/gcc/arm-none-eabi/4.9.3/../../../../arm-none-eabi/lib/armv7-m\libc.a(lib_a-impure.o)
                0x00088b70                _global_impure_ptr
 *fill*         0x00088b74        0x4 
 .rodata.tinytens
                0x00088b78       0x28 c:/program files (x86)/atmel/studio/7.0/toolchain/arm/arm-gnu-toolchain/bin/../lib/gcc/arm-none-eabi/4.9.3/../../../../arm-none-eabi/lib/armv7-m\libc.a(lib_a-strtod.o)
 .rodata.fpinan.5307
                0x00088ba0       0x14 c:/program files (x86)/atmel/studio/7.0/toolchain/arm/arm-gnu-toolchain/bin/../lib/gcc/arm-none-eabi/4.9.3/../../../../arm-none-eabi/lib/armv7-m\libc.a(lib_a-strtod.o)
 .rodata.str1.4
                0x00088bb4        0xf c:/program files (x86)/atmel/studio/7.0/toolchain/arm/arm-gnu-toolchain/bin/../lib/gcc/arm-none-eabi/4.9.3/../../../../arm-none-eabi/lib/armv7-m\libc.a(lib_a-strtod.o)
 *fill*         0x00088bc3        0x1 
 .rodata.fpi.5271
                0x00088bc4       0x14 c:/program files (x86)/atmel/studio/7.0/toolchain/arm/arm-gnu-toolchain/bin/../lib/gcc/arm-none-eabi/4.9.3/../../../../arm-none-eabi/lib/armv7-m\libc.a(lib_a-strtod.o)
 .rodata.str1.4
                0x00088bd8       0x25 c:/program files (x86)/atmel/studio/7.0/toolchain/arm/arm-gnu-toolchain/bin/../lib/gcc/arm-none-eabi/4.9.3/../../../../arm-none-eabi/lib/armv7-m\libc.a(lib_a-utoa.o)
 *fill*         0x00088bfd        0x3 
 .rodata.zeroes.6869
                0x00088c00       0x10 c:/program files (x86)/atmel/studio/7.0/toolchain/arm/arm-gnu-toolchain/bin/../lib/gcc/arm-none-eabi/4.9.3/../../../../arm-none-eabi/lib/armv7-m\libc.a(lib_a-vfiprintf.o)
 .rodata.str1.4
                0x00088c10       0x2f c:/program files (x86)/atmel/studio/7.0/toolchain/arm/arm-gnu-toolchain/bin/../lib/gcc/arm-none-eabi/4.9.3/../../../../arm-none-eabi/lib/armv7-m\libc.a(lib_a-vfiprintf.o)
 *fill*         0x00088c3f        0x1 
 .rodata.blanks.6868
                0x00088c40       0x10 c:/program files (x86)/atmel/studio/7.0/toolchain/arm/arm-gnu-toolchain/bin/../lib/gcc/arm-none-eabi/4.9.3/../../../../arm-none-eabi/lib/armv7-m\libc.a(lib_a-vfiprintf.o)
 .rodata._ctype_
                0x00088c50      0x101 c:/program files (x86)/atmel/studio/7.0/toolchain/arm/arm-gnu-toolchain/bin/../lib/gcc/arm-none-eabi/4.9.3/../../../../arm-none-eabi/lib/armv7-m\libc.a(lib_a-ctype_.o)
                0x00088c50                _ctype_
 *fill*         0x00088d51        0x3 
 .rodata.__hexdig
                0x00088d54      0x100 c:/program files (x86)/atmel/studio/7.0/toolchain/arm/arm-gnu-toolchain/bin/../lib/gcc/arm-none-eabi/4.9.3/../../../../arm-none-eabi/lib/armv7-m\libc.a(lib_a-gdtoa-gethex.o)
                0x00088d54                __hexdig
 .rodata.str1.4
                0x00088e54        0xc c:/program files (x86)/atmel/studio/7.0/toolchain/arm/arm-gnu-toolchain/bin/../lib/gcc/arm-none-eabi/4.9.3/../../../../arm-none-eabi/lib/armv7-m\libc.a(lib_a-locale.o)
                                 0x12 (size before relaxing)
 .rodata.__mprec_tens
                0x00088e60       0xc8 c:/program files (x86)/atmel/studio/7.0/toolchain/arm/arm-gnu-toolchain/bin/../lib/gcc/arm-none-eabi/4.9.3/../../../../arm-none-eabi/lib/armv7-m\libc.a(lib_a-mprec.o)
                0x00088e60                __mprec_tens
 .rodata.p05.5302
                0x00088f28        0xc c:/program files (x86)/atmel/studio/7.0/toolchain/arm/arm-gnu-toolchain/bin/../lib/gcc/arm-none-eabi/4.9.3/../../../../arm-none-eabi/lib/armv7-m\libc.a(lib_a-mprec.o)
 *fill*         0x00088f34        0x4 
 .rodata.__mprec_bigtens
                0x00088f38       0x28 c:/program files (x86)/atmel/studio/7.0/toolchain/arm/arm-gnu-toolchain/bin/../lib/gcc/arm-none-eabi/4.9.3/../../../../arm-none-eabi/lib/armv7-m\libc.a(lib_a-mprec.o)
                0x00088f38                __mprec_bigtens
 *(.ARM.extab* .gnu.linkonce.armextab.*)
                0x00088f60                . = ALIGN (0x4)
 *(.init)
 .init          0x00088f60        0x4 c:/program files (x86)/atmel/studio/7.0/toolchain/arm/arm-gnu-toolchain/bin/../lib/gcc/arm-none-eabi/4.9.3/armv7-m/crti.o
                0x00088f60                _init
 .init          0x00088f64        0x8 c:/program files (x86)/atmel/studio/7.0/toolchain/arm/arm-gnu-toolchain/bin/../lib/gcc/arm-none-eabi/4.9.3/armv7-m/crtn.o
                0x00088f6c                . = ALIGN (0x4)
                0x00088f6c                __preinit_array_start = .
 *(.preinit_array)
                0x00088f6c                __preinit_array_end = .
                0x00088f6c                . = ALIGN (0x4)
                0x00088f6c                __init_array_start = .
 *(SORT(.init_array.*))
 .init_array.00000
                0x00088f6c        0x4 c:/program files (x86)/atmel/studio/7.0/toolchain/arm/arm-gnu-toolchain/bin/../lib/gcc/arm-none-eabi/4.9.3/../../../../arm-none-eabi/lib/armv7-m\libc.a(lib_a-__call_atexit.o)
 *(.init_array)
 .init_array    0x00088f70        0x4 c:/program files (x86)/atmel/studio/7.0/toolchain/arm/arm-gnu-toolchain/bin/../lib/gcc/arm-none-eabi/4.9.3/armv7-m/crtbegin.o
                0x00088f74                __init_array_end = .
                0x00088f74                . = ALIGN (0x4)
 *crtbegin.o(.ctors)
 *(EXCLUDE_FILE(*crtend.o) .ctors)
 *(SORT(.ctors.*))
 *crtend.o(.ctors)
                0x00088f74                . = ALIGN (0x4)
 *(.fini)
 .fini          0x00088f74        0x4 c:/program files (x86)/atmel/studio/7.0/toolchain/arm/arm-gnu-toolchain/bin/../lib/gcc/arm-none-eabi/4.9.3/armv7-m/crti.o
                0x00088f74                _fini
 .fini          0x00088f78        0x8 c:/program files (x86)/atmel/studio/7.0/toolchain/arm/arm-gnu-toolchain/bin/../lib/gcc/arm-none-eabi/4.9.3/armv7-m/crtn.o
                0x00088f80                . = ALIGN (0x4)
                0x00088f80                __fini_array_start = .
 *(.fini_array)
 .fini_array    0x00088f80        0x4 c:/program files (x86)/atmel/studio/7.0/toolchain/arm/arm-gnu-toolchain/bin/../lib/gcc/arm-none-eabi/4.9.3/armv7-m/crtbegin.o
 *(SORT(.fini_array.*))
                0x00088f84                __fini_array_end = .
 *crtbegin.o(.dtors)
 *(EXCLUDE_FILE(*crtend.o) .dtors)
 *(SORT(.dtors.*))
 *crtend.o(.dtors)
                0x00088f84                . = ALIGN (0x4)
                0x00088f84                _efixed = .
                0x00088f84                PROVIDE (__exidx_start, .)

.vfp11_veneer   0x00088f84        0x0
 .vfp11_veneer  0x00000000        0x0 linker stubs

.v4_bx          0x00088f84        0x0
 .v4_bx         0x00000000        0x0 linker stubs

.iplt           0x00088f84        0x0
 .iplt          0x00000000        0x0 c:/program files (x86)/atmel/studio/7.0/toolchain/arm/arm-gnu-toolchain/bin/../lib/gcc/arm-none-eabi/4.9.3/armv7-m/crtbegin.o

.ARM.exidx      0x00088f84        0x8
 *(.ARM.exidx* .gnu.linkonce.armexidx.*)
 .ARM.exidx     0x00088f84        0x8 c:/program files (x86)/atmel/studio/7.0/toolchain/arm/arm-gnu-toolchain/bin/../lib/gcc/arm-none-eabi/4.9.3/armv7-m\libgcc.a(_divdi3.o)
 .ARM.exidx     0x00088f8c        0x0 c:/program files (x86)/atmel/studio/7.0/toolchain/arm/arm-gnu-toolchain/bin/../lib/gcc/arm-none-eabi/4.9.3/armv7-m\libgcc.a(_udivdi3.o)
                                  0x8 (size before relaxing)
                0x00088f8c                PROVIDE (__exidx_end, .)

.eh_frame       0x00088f8c        0x0
 .eh_frame      0x00088f8c        0x0 c:/program files (x86)/atmel/studio/7.0/toolchain/arm/arm-gnu-toolchain/bin/../lib/gcc/arm-none-eabi/4.9.3/armv7-m/crtbegin.o

.rel.dyn        0x00088f8c        0x0
 .rel.iplt      0x00000000        0x0 c:/program files (x86)/atmel/studio/7.0/toolchain/arm/arm-gnu-toolchain/bin/../lib/gcc/arm-none-eabi/4.9.3/armv7-m/crtbegin.o

.jcr            0x00088f8c        0x0
 .jcr           0x00088f8c        0x0 c:/program files (x86)/atmel/studio/7.0/toolchain/arm/arm-gnu-toolchain/bin/../lib/gcc/arm-none-eabi/4.9.3/armv7-m/crtbegin.o

.igot.plt       0x00088f8c        0x0
 .igot.plt      0x00000000        0x0 c:/program files (x86)/atmel/studio/7.0/toolchain/arm/arm-gnu-toolchain/bin/../lib/gcc/arm-none-eabi/4.9.3/armv7-m/crtbegin.o
                0x00088f8c                . = ALIGN (0x4)
                0x00088f8c                _etext = .

.relocate       0x20070000      0x9b0 load address 0x00088f8c
                0x20070000                . = ALIGN (0x4)
                0x20070000                _srelocate = .
 *(.ramfunc .ramfunc.*)
 .ramfunc       0x20070000        0xa src/ASF/common/services/delay/sam/cycle_counter.o
                0x20070000                portable_delay_cycles
 *fill*         0x2007000a        0x2 
 .ramfunc       0x2007000c       0xec src/ASF/sam/utils/cmsis/sam3x/source/templates/system_sam3x.o
                0x2007000c                SystemInit
                0x20070094                system_init_flash
 *(.data .data.*)
 .data.uxCriticalNesting
                0x200700f8        0x4 src/ASF/thirdparty/freertos/freertos-7.3.0/source/portable/gcc/sam/port.o
 .data.xFreeBytesRemaining
                0x200700fc        0x4 src/ASF/thirdparty/freertos/freertos-7.3.0/source/portable/memmang/heap_4.o
 .data.xNextTaskUnblockTime
                0x20070100        0x4 src/ASF/thirdparty/freertos/freertos-7.3.0/source/tasks.o
 .data.g_interrupt_enabled
                0x20070104        0x1 src/ASF/common/utils/interrupt/interrupt_sam_nvic.o
                0x20070104                g_interrupt_enabled
 *fill*         0x20070105        0x3 
 .data.SystemCoreClock
                0x20070108        0x4 src/ASF/sam/utils/cmsis/sam3x/source/templates/system_sam3x.o
                0x20070108                SystemCoreClock
 .data.semph    0x2007010c        0x4 src/main.o
                0x2007010c                semph
 .data.impure_data
                0x20070110      0x428 c:/program files (x86)/atmel/studio/7.0/toolchain/arm/arm-gnu-toolchain/bin/../lib/gcc/arm-none-eabi/4.9.3/../../../../arm-none-eabi/lib/armv7-m\libc.a(lib_a-impure.o)
 .data._impure_ptr
                0x20070538        0x4 c:/program files (x86)/atmel/studio/7.0/toolchain/arm/arm-gnu-toolchain/bin/../lib/gcc/arm-none-eabi/4.9.3/../../../../arm-none-eabi/lib/armv7-m\libc.a(lib_a-impure.o)
                0x20070538                _impure_ptr
 .data.__ctype_ptr__
                0x2007053c        0x4 c:/program files (x86)/atmel/studio/7.0/toolchain/arm/arm-gnu-toolchain/bin/../lib/gcc/arm-none-eabi/4.9.3/../../../../arm-none-eabi/lib/armv7-m\libc.a(lib_a-ctype_.o)
                0x2007053c                __ctype_ptr__
 .data.lconv    0x20070540       0x38 c:/program files (x86)/atmel/studio/7.0/toolchain/arm/arm-gnu-toolchain/bin/../lib/gcc/arm-none-eabi/4.9.3/../../../../arm-none-eabi/lib/armv7-m\libc.a(lib_a-locale.o)
 .data.lc_ctype_charset
                0x20070578       0x20 c:/program files (x86)/atmel/studio/7.0/toolchain/arm/arm-gnu-toolchain/bin/../lib/gcc/arm-none-eabi/4.9.3/../../../../arm-none-eabi/lib/armv7-m\libc.a(lib_a-locale.o)
 .data.__mb_cur_max
                0x20070598        0x4 c:/program files (x86)/atmel/studio/7.0/toolchain/arm/arm-gnu-toolchain/bin/../lib/gcc/arm-none-eabi/4.9.3/../../../../arm-none-eabi/lib/armv7-m\libc.a(lib_a-locale.o)
                0x20070598                __mb_cur_max
 .data.__malloc_av_
                0x2007059c      0x408 c:/program files (x86)/atmel/studio/7.0/toolchain/arm/arm-gnu-toolchain/bin/../lib/gcc/arm-none-eabi/4.9.3/../../../../arm-none-eabi/lib/armv7-m\libc.a(lib_a-mallocr.o)
                0x2007059c                __malloc_av_
 .data.__malloc_trim_threshold
                0x200709a4        0x4 c:/program files (x86)/atmel/studio/7.0/toolchain/arm/arm-gnu-toolchain/bin/../lib/gcc/arm-none-eabi/4.9.3/../../../../arm-none-eabi/lib/armv7-m\libc.a(lib_a-mallocr.o)
                0x200709a4                __malloc_trim_threshold
 .data.__malloc_sbrk_base
                0x200709a8        0x4 c:/program files (x86)/atmel/studio/7.0/toolchain/arm/arm-gnu-toolchain/bin/../lib/gcc/arm-none-eabi/4.9.3/../../../../arm-none-eabi/lib/armv7-m\libc.a(lib_a-mallocr.o)
                0x200709a8                __malloc_sbrk_base
 .data.__wctomb
                0x200709ac        0x4 c:/program files (x86)/atmel/studio/7.0/toolchain/arm/arm-gnu-toolchain/bin/../lib/gcc/arm-none-eabi/4.9.3/../../../../arm-none-eabi/lib/armv7-m\libc.a(lib_a-wctomb_r.o)
                0x200709ac                __wctomb
                0x200709b0                . = ALIGN (0x4)
                0x200709b0                _erelocate = .

.bss            0x200709b0     0xa50c load address 0x00089940
                0x200709b0                . = ALIGN (0x4)
                0x200709b0                _sbss = .
                0x200709b0                _szero = .
 *(.bss .bss.*)
 .bss           0x200709b0       0x1c c:/program files (x86)/atmel/studio/7.0/toolchain/arm/arm-gnu-toolchain/bin/../lib/gcc/arm-none-eabi/4.9.3/armv7-m/crtbegin.o
 .bss.serial_rx_buf
                0x200709cc       0x9c src/ASF/thirdparty/wireless/addons/sio2host/uart/sio2host.o
 .bss.serial_rx_buf_tail
                0x20070a68        0x1 src/ASF/thirdparty/wireless/addons/sio2host/uart/sio2host.o
 *fill*         0x20070a69        0x3 
 .bss.pwm_instance
                0x20070a6c       0x28 src/pwm_func.o
 .bss.xbuff.8964
                0x20070a94       0x10 src/task_reg.o
 .bss.old_err.8951
                0x20070aa4        0x4 src/task_reg.o
 .bss.sum_err.8950
                0x20070aa8        0x4 src/task_reg.o
 *fill*         0x20070aac        0x4 
 .bss.xHeap     0x20070ab0     0xa000 src/ASF/thirdparty/freertos/freertos-7.3.0/source/portable/memmang/heap_4.o
 .bss.pxEnd     0x2007aab0        0x4 src/ASF/thirdparty/freertos/freertos-7.3.0/source/portable/memmang/heap_4.o
 .bss.xStart    0x2007aab4        0x8 src/ASF/thirdparty/freertos/freertos-7.3.0/source/portable/memmang/heap_4.o
 .bss.xSuspendedTaskList
                0x2007aabc       0x14 src/ASF/thirdparty/freertos/freertos-7.3.0/source/tasks.o
 .bss.xTasksWaitingTermination
                0x2007aad0       0x14 src/ASF/thirdparty/freertos/freertos-7.3.0/source/tasks.o
 .bss.pxDelayedTaskList
                0x2007aae4        0x4 src/ASF/thirdparty/freertos/freertos-7.3.0/source/tasks.o
 .bss.uxMissedTicks
                0x2007aae8        0x4 src/ASF/thirdparty/freertos/freertos-7.3.0/source/tasks.o
 .bss.xSchedulerRunning
                0x2007aaec        0x4 src/ASF/thirdparty/freertos/freertos-7.3.0/source/tasks.o
 .bss.uxTasksDeleted
                0x2007aaf0        0x4 src/ASF/thirdparty/freertos/freertos-7.3.0/source/tasks.o
 .bss.xDelayedTaskList1
                0x2007aaf4       0x14 src/ASF/thirdparty/freertos/freertos-7.3.0/source/tasks.o
 .bss.xDelayedTaskList2
                0x2007ab08       0x14 src/ASF/thirdparty/freertos/freertos-7.3.0/source/tasks.o
 .bss.pxReadyTasksLists
                0x2007ab1c       0x64 src/ASF/thirdparty/freertos/freertos-7.3.0/source/tasks.o
 .bss.xNumOfOverflows
                0x2007ab80        0x4 src/ASF/thirdparty/freertos/freertos-7.3.0/source/tasks.o
 .bss.pxCurrentTCB
                0x2007ab84        0x4 src/ASF/thirdparty/freertos/freertos-7.3.0/source/tasks.o
                0x2007ab84                pxCurrentTCB
 .bss.xPendingReadyList
                0x2007ab88       0x14 src/ASF/thirdparty/freertos/freertos-7.3.0/source/tasks.o
 .bss.uxSchedulerSuspended
                0x2007ab9c        0x4 src/ASF/thirdparty/freertos/freertos-7.3.0/source/tasks.o
 .bss.xTickCount
                0x2007aba0        0x4 src/ASF/thirdparty/freertos/freertos-7.3.0/source/tasks.o
 .bss.pxOverflowDelayedTaskList
                0x2007aba4        0x4 src/ASF/thirdparty/freertos/freertos-7.3.0/source/tasks.o
 .bss.uxTopReadyPriority
                0x2007aba8        0x4 src/ASF/thirdparty/freertos/freertos-7.3.0/source/tasks.o
 .bss.uxTaskNumber
                0x2007abac        0x4 src/ASF/thirdparty/freertos/freertos-7.3.0/source/tasks.o
 .bss.uxCurrentNumberOfTasks
                0x2007abb0        0x4 src/ASF/thirdparty/freertos/freertos-7.3.0/source/tasks.o
 .bss.xMissedYield
                0x2007abb4        0x4 src/ASF/thirdparty/freertos/freertos-7.3.0/source/tasks.o
 .bss.uxTopUsedPriority
                0x2007abb8        0x4 src/ASF/thirdparty/freertos/freertos-7.3.0/source/tasks.o
 .bss.pxCurrentTimerList
                0x2007abbc        0x4 src/ASF/thirdparty/freertos/freertos-7.3.0/source/timers.o
 .bss.xActiveTimerList1
                0x2007abc0       0x14 src/ASF/thirdparty/freertos/freertos-7.3.0/source/timers.o
 .bss.xActiveTimerList2
                0x2007abd4       0x14 src/ASF/thirdparty/freertos/freertos-7.3.0/source/timers.o
 .bss.xLastTime.4502
                0x2007abe8        0x4 src/ASF/thirdparty/freertos/freertos-7.3.0/source/timers.o
 .bss.xTimerQueue
                0x2007abec        0x4 src/ASF/thirdparty/freertos/freertos-7.3.0/source/timers.o
 .bss.pxOverflowTimerList
                0x2007abf0        0x4 src/ASF/thirdparty/freertos/freertos-7.3.0/source/timers.o
 .bss.gs_interrupt_sources
                0x2007abf4       0x70 src/ASF/sam/drivers/pio/pio_handler.o
 .bss.heap.5212
                0x2007ac64        0x4 src/ASF/sam/utils/syscalls/gcc/syscalls.o
 .bss.pwm_val   0x2007ac68        0x2 src/main.o
                0x2007ac68                pwm_val
 .bss.distance_val
                0x2007ac6a        0x2 src/main.o
                0x2007ac6a                distance_val
 .bss.error_val
                0x2007ac6c        0x2 src/main.o
                0x2007ac6c                error_val
 .bss.str       0x2007ac6e       0x64 src/main.o
                0x2007ac6e                str
 .bss.conv_arr  0x2007acd2       0xc8 src/main.o
                0x2007acd2                conv_arr
 *fill*         0x2007ad9a        0x2 
 .bss.__malloc_max_total_mem
                0x2007ad9c        0x4 c:/program files (x86)/atmel/studio/7.0/toolchain/arm/arm-gnu-toolchain/bin/../lib/gcc/arm-none-eabi/4.9.3/../../../../arm-none-eabi/lib/armv7-m\libc.a(lib_a-mallocr.o)
                0x2007ad9c                __malloc_max_total_mem
 .bss.__malloc_max_sbrked_mem
                0x2007ada0        0x4 c:/program files (x86)/atmel/studio/7.0/toolchain/arm/arm-gnu-toolchain/bin/../lib/gcc/arm-none-eabi/4.9.3/../../../../arm-none-eabi/lib/armv7-m\libc.a(lib_a-mallocr.o)
                0x2007ada0                __malloc_max_sbrked_mem
 .bss.__malloc_top_pad
                0x2007ada4        0x4 c:/program files (x86)/atmel/studio/7.0/toolchain/arm/arm-gnu-toolchain/bin/../lib/gcc/arm-none-eabi/4.9.3/../../../../arm-none-eabi/lib/armv7-m\libc.a(lib_a-mallocr.o)
                0x2007ada4                __malloc_top_pad
 .bss.__malloc_current_mallinfo
                0x2007ada8       0x28 c:/program files (x86)/atmel/studio/7.0/toolchain/arm/arm-gnu-toolchain/bin/../lib/gcc/arm-none-eabi/4.9.3/../../../../arm-none-eabi/lib/armv7-m\libc.a(lib_a-mallocr.o)
                0x2007ada8                __malloc_current_mallinfo
 *(COMMON)
 COMMON         0x2007add0        0x4 src/ASF/common/utils/stdio/read.o
                0x2007add0                ptr_get
 COMMON         0x2007add4        0x8 src/ASF/common/utils/stdio/write.o
                0x2007add4                ptr_put
                0x2007add8                stdio_base
 COMMON         0x2007addc       0xdc src/main.o
                0x2007addc                values
                0x2007aea4                setpoint
                0x2007aea8                k_deriv
                0x2007aeac                k_int
                0x2007aeb0                periodicity
                0x2007aeb4                k_prop
 COMMON         0x2007aeb8        0x4 c:/program files (x86)/atmel/studio/7.0/toolchain/arm/arm-gnu-toolchain/bin/../lib/gcc/arm-none-eabi/4.9.3/../../../../arm-none-eabi/lib/armv7-m\libc.a(lib_a-reent.o)
                0x2007aeb8                errno
                0x2007aebc                . = ALIGN (0x4)
                0x2007aebc                _ebss = .
                0x2007aebc                _ezero = .

.stack          0x2007aebc     0x2004 load address 0x00093e4c
                0x2007aec0                . = ALIGN (0x8)
 *fill*         0x2007aebc        0x4 
                0x2007aec0                _sstack = .
                0x2007cec0                . = (. + __stack_size__)
 *fill*         0x2007aec0     0x2000 
                0x2007cec0                . = ALIGN (0x8)
                0x2007cec0                _estack = .
                0x2007cec0                . = ALIGN (0x4)
                0x2007cec0                _end = .
OUTPUT(pingisproj.elf elf32-littlearm)

.ARM.attributes
                0x00000000       0x29
 .ARM.attributes
                0x00000000       0x1d c:/program files (x86)/atmel/studio/7.0/toolchain/arm/arm-gnu-toolchain/bin/../lib/gcc/arm-none-eabi/4.9.3/armv7-m/crti.o
 .ARM.attributes
                0x0000001d       0x2d c:/program files (x86)/atmel/studio/7.0/toolchain/arm/arm-gnu-toolchain/bin/../lib/gcc/arm-none-eabi/4.9.3/armv7-m/crtbegin.o
 .ARM.attributes
                0x0000004a       0x33 src/adc_func.o
 .ARM.attributes
                0x0000007d       0x33 src/ASF/common/services/delay/sam/cycle_counter.o
 .ARM.attributes
                0x000000b0       0x33 src/ASF/common/utils/stdio/read.o
 .ARM.attributes
                0x000000e3       0x33 src/ASF/thirdparty/wireless/addons/sio2host/uart/sio2host.o
 .ARM.attributes
                0x00000116       0x33 src/motorshield.o
 .ARM.attributes
                0x00000149       0x33 src/pwm_func.o
 .ARM.attributes
                0x0000017c       0x33 src/task_com.o
 .ARM.attributes
                0x000001af       0x33 src/task_reg.o
 .ARM.attributes
                0x000001e2       0x33 src/uart_util.o
 .ARM.attributes
                0x00000215       0x33 src/ASF/thirdparty/freertos/freertos-7.3.0/source/list.o
 .ARM.attributes
                0x00000248       0x33 src/ASF/thirdparty/freertos/freertos-7.3.0/source/portable/gcc/sam/port.o
 .ARM.attributes
                0x0000027b       0x33 src/ASF/thirdparty/freertos/freertos-7.3.0/source/portable/memmang/heap_4.o
 .ARM.attributes
                0x000002ae       0x33 src/ASF/thirdparty/freertos/freertos-7.3.0/source/queue.o
 .ARM.attributes
                0x000002e1       0x33 src/ASF/thirdparty/freertos/freertos-7.3.0/source/tasks.o
 .ARM.attributes
                0x00000314       0x33 src/ASF/thirdparty/freertos/freertos-7.3.0/source/timers.o
 .ARM.attributes
                0x00000347       0x33 src/ASF/common/utils/stdio/write.o
 .ARM.attributes
                0x0000037a       0x33 src/ASF/sam/drivers/adc/adc.o
 .ARM.attributes
                0x000003ad       0x33 src/ASF/sam/drivers/usart/usart.o
 .ARM.attributes
                0x000003e0       0x33 src/ASF/common/services/serial/usart_serial.o
 .ARM.attributes
                0x00000413       0x33 src/ASF/sam/drivers/pwm/pwm.o
 .ARM.attributes
                0x00000446       0x33 src/ASF/sam/drivers/uart/uart.o
 .ARM.attributes
                0x00000479       0x33 src/ASF/common/services/clock/sam3x/sysclk.o
 .ARM.attributes
                0x000004ac       0x33 src/ASF/common/utils/interrupt/interrupt_sam_nvic.o
 .ARM.attributes
                0x000004df       0x33 src/ASF/sam/boards/arduino_due_x/init.o
 .ARM.attributes
                0x00000512       0x33 src/ASF/sam/drivers/pio/pio.o
 .ARM.attributes
                0x00000545       0x33 src/ASF/sam/drivers/pio/pio_handler.o
 .ARM.attributes
                0x00000578       0x33 src/ASF/sam/drivers/pmc/pmc.o
 .ARM.attributes
                0x000005ab       0x33 src/ASF/sam/utils/cmsis/sam3x/source/templates/exceptions.o
 .ARM.attributes
                0x000005de       0x33 src/ASF/sam/utils/cmsis/sam3x/source/templates/gcc/startup_sam3x.o
 .ARM.attributes
                0x00000611       0x33 src/ASF/sam/utils/cmsis/sam3x/source/templates/system_sam3x.o
 .ARM.attributes
                0x00000644       0x33 src/ASF/sam/utils/syscalls/gcc/syscalls.o
 .ARM.attributes
                0x00000677       0x33 src/main.o
 .ARM.attributes
                0x000006aa       0x1d c:/program files (x86)/atmel/studio/7.0/toolchain/arm/arm-gnu-toolchain/bin/../lib/gcc/arm-none-eabi/4.9.3/armv7-m\libgcc.a(_arm_truncdfsf2.o)
 .ARM.attributes
                0x000006c7       0x1d c:/program files (x86)/atmel/studio/7.0/toolchain/arm/arm-gnu-toolchain/bin/../lib/gcc/arm-none-eabi/4.9.3/armv7-m\libgcc.a(_arm_addsubsf3.o)
 .ARM.attributes
                0x000006e4       0x1d c:/program files (x86)/atmel/studio/7.0/toolchain/arm/arm-gnu-toolchain/bin/../lib/gcc/arm-none-eabi/4.9.3/armv7-m\libgcc.a(_arm_muldivsf3.o)
 .ARM.attributes
                0x00000701       0x1d c:/program files (x86)/atmel/studio/7.0/toolchain/arm/arm-gnu-toolchain/bin/../lib/gcc/arm-none-eabi/4.9.3/armv7-m\libgcc.a(_arm_fixsfsi.o)
 .ARM.attributes
                0x0000071e       0x1d c:/program files (x86)/atmel/studio/7.0/toolchain/arm/arm-gnu-toolchain/bin/../lib/gcc/arm-none-eabi/4.9.3/armv7-m\libgcc.a(_arm_fixunssfsi.o)
 .ARM.attributes
                0x0000073b       0x2d c:/program files (x86)/atmel/studio/7.0/toolchain/arm/arm-gnu-toolchain/bin/../lib/gcc/arm-none-eabi/4.9.3/../../../../arm-none-eabi/lib/armv7-m\libc.a(lib_a-atof.o)
 .ARM.attributes
                0x00000768       0x2d c:/program files (x86)/atmel/studio/7.0/toolchain/arm/arm-gnu-toolchain/bin/../lib/gcc/arm-none-eabi/4.9.3/../../../../arm-none-eabi/lib/armv7-m\libc.a(lib_a-atoi.o)
 .ARM.attributes
                0x00000795       0x2d c:/program files (x86)/atmel/studio/7.0/toolchain/arm/arm-gnu-toolchain/bin/../lib/gcc/arm-none-eabi/4.9.3/../../../../arm-none-eabi/lib/armv7-m\libc.a(lib_a-gets.o)
 .ARM.attributes
                0x000007c2       0x2d c:/program files (x86)/atmel/studio/7.0/toolchain/arm/arm-gnu-toolchain/bin/../lib/gcc/arm-none-eabi/4.9.3/../../../../arm-none-eabi/lib/armv7-m\libc.a(lib_a-impure.o)
 .ARM.attributes
                0x000007ef       0x2d c:/program files (x86)/atmel/studio/7.0/toolchain/arm/arm-gnu-toolchain/bin/../lib/gcc/arm-none-eabi/4.9.3/../../../../arm-none-eabi/lib/armv7-m\libc.a(lib_a-init.o)
 .ARM.attributes
                0x0000081c       0x2d c:/program files (x86)/atmel/studio/7.0/toolchain/arm/arm-gnu-toolchain/bin/../lib/gcc/arm-none-eabi/4.9.3/../../../../arm-none-eabi/lib/armv7-m\libc.a(lib_a-iprintf.o)
 .ARM.attributes
                0x00000849       0x2d c:/program files (x86)/atmel/studio/7.0/toolchain/arm/arm-gnu-toolchain/bin/../lib/gcc/arm-none-eabi/4.9.3/../../../../arm-none-eabi/lib/armv7-m\libc.a(lib_a-itoa.o)
 .ARM.attributes
                0x00000876       0x1b c:/program files (x86)/atmel/studio/7.0/toolchain/arm/arm-gnu-toolchain/bin/../lib/gcc/arm-none-eabi/4.9.3/../../../../arm-none-eabi/lib/armv7-m\libc.a(lib_a-memcpy.o)
 .ARM.attributes
                0x00000891       0x2d c:/program files (x86)/atmel/studio/7.0/toolchain/arm/arm-gnu-toolchain/bin/../lib/gcc/arm-none-eabi/4.9.3/../../../../arm-none-eabi/lib/armv7-m\libc.a(lib_a-memset.o)
 .ARM.attributes
                0x000008be       0x2d c:/program files (x86)/atmel/studio/7.0/toolchain/arm/arm-gnu-toolchain/bin/../lib/gcc/arm-none-eabi/4.9.3/../../../../arm-none-eabi/lib/armv7-m\libc.a(lib_a-rget.o)
 .ARM.attributes
                0x000008eb       0x2d c:/program files (x86)/atmel/studio/7.0/toolchain/arm/arm-gnu-toolchain/bin/../lib/gcc/arm-none-eabi/4.9.3/../../../../arm-none-eabi/lib/armv7-m\libc.a(lib_a-setbuf.o)
 .ARM.attributes
                0x00000918       0x2d c:/program files (x86)/atmel/studio/7.0/toolchain/arm/arm-gnu-toolchain/bin/../lib/gcc/arm-none-eabi/4.9.3/../../../../arm-none-eabi/lib/armv7-m\libc.a(lib_a-setvbuf.o)
 .ARM.attributes
                0x00000945       0x2d c:/program files (x86)/atmel/studio/7.0/toolchain/arm/arm-gnu-toolchain/bin/../lib/gcc/arm-none-eabi/4.9.3/../../../../arm-none-eabi/lib/armv7-m\libc.a(lib_a-strlen.o)
 .ARM.attributes
                0x00000972       0x2d c:/program files (x86)/atmel/studio/7.0/toolchain/arm/arm-gnu-toolchain/bin/../lib/gcc/arm-none-eabi/4.9.3/../../../../arm-none-eabi/lib/armv7-m\libc.a(lib_a-strncmp.o)
 .ARM.attributes
                0x0000099f       0x2d c:/program files (x86)/atmel/studio/7.0/toolchain/arm/arm-gnu-toolchain/bin/../lib/gcc/arm-none-eabi/4.9.3/../../../../arm-none-eabi/lib/armv7-m\libc.a(lib_a-strncpy.o)
 .ARM.attributes
                0x000009cc       0x2d c:/program files (x86)/atmel/studio/7.0/toolchain/arm/arm-gnu-toolchain/bin/../lib/gcc/arm-none-eabi/4.9.3/../../../../arm-none-eabi/lib/armv7-m\libc.a(lib_a-strtod.o)
 .ARM.attributes
                0x000009f9       0x2d c:/program files (x86)/atmel/studio/7.0/toolchain/arm/arm-gnu-toolchain/bin/../lib/gcc/arm-none-eabi/4.9.3/../../../../arm-none-eabi/lib/armv7-m\libc.a(lib_a-strtol.o)
 .ARM.attributes
                0x00000a26       0x2d c:/program files (x86)/atmel/studio/7.0/toolchain/arm/arm-gnu-toolchain/bin/../lib/gcc/arm-none-eabi/4.9.3/../../../../arm-none-eabi/lib/armv7-m\libc.a(lib_a-utoa.o)
 .ARM.attributes
                0x00000a53       0x2d c:/program files (x86)/atmel/studio/7.0/toolchain/arm/arm-gnu-toolchain/bin/../lib/gcc/arm-none-eabi/4.9.3/../../../../arm-none-eabi/lib/armv7-m\libc.a(lib_a-vfiprintf.o)
 .ARM.attributes
                0x00000a80       0x2d c:/program files (x86)/atmel/studio/7.0/toolchain/arm/arm-gnu-toolchain/bin/../lib/gcc/arm-none-eabi/4.9.3/../../../../arm-none-eabi/lib/armv7-m\libc.a(lib_a-wsetup.o)
 .ARM.attributes
                0x00000aad       0x2d c:/program files (x86)/atmel/studio/7.0/toolchain/arm/arm-gnu-toolchain/bin/../lib/gcc/arm-none-eabi/4.9.3/../../../../arm-none-eabi/lib/armv7-m\libc.a(lib_a-__call_atexit.o)
 .ARM.attributes
                0x00000ada       0x2d c:/program files (x86)/atmel/studio/7.0/toolchain/arm/arm-gnu-toolchain/bin/../lib/gcc/arm-none-eabi/4.9.3/../../../../arm-none-eabi/lib/armv7-m\libc.a(lib_a-atexit.o)
 .ARM.attributes
                0x00000b07       0x2d c:/program files (x86)/atmel/studio/7.0/toolchain/arm/arm-gnu-toolchain/bin/../lib/gcc/arm-none-eabi/4.9.3/../../../../arm-none-eabi/lib/armv7-m\libc.a(lib_a-ctype_.o)
 .ARM.attributes
                0x00000b34       0x2d c:/program files (x86)/atmel/studio/7.0/toolchain/arm/arm-gnu-toolchain/bin/../lib/gcc/arm-none-eabi/4.9.3/../../../../arm-none-eabi/lib/armv7-m\libc.a(lib_a-fflush.o)
 .ARM.attributes
                0x00000b61       0x2d c:/program files (x86)/atmel/studio/7.0/toolchain/arm/arm-gnu-toolchain/bin/../lib/gcc/arm-none-eabi/4.9.3/../../../../arm-none-eabi/lib/armv7-m\libc.a(lib_a-findfp.o)
 .ARM.attributes
                0x00000b8e       0x2d c:/program files (x86)/atmel/studio/7.0/toolchain/arm/arm-gnu-toolchain/bin/../lib/gcc/arm-none-eabi/4.9.3/../../../../arm-none-eabi/lib/armv7-m\libc.a(lib_a-fini.o)
 .ARM.attributes
                0x00000bbb       0x2d c:/program files (x86)/atmel/studio/7.0/toolchain/arm/arm-gnu-toolchain/bin/../lib/gcc/arm-none-eabi/4.9.3/../../../../arm-none-eabi/lib/armv7-m\libc.a(lib_a-fputwc.o)
 .ARM.attributes
                0x00000be8       0x2d c:/program files (x86)/atmel/studio/7.0/toolchain/arm/arm-gnu-toolchain/bin/../lib/gcc/arm-none-eabi/4.9.3/../../../../arm-none-eabi/lib/armv7-m\libc.a(lib_a-freer.o)
 .ARM.attributes
                0x00000c15       0x2d c:/program files (x86)/atmel/studio/7.0/toolchain/arm/arm-gnu-toolchain/bin/../lib/gcc/arm-none-eabi/4.9.3/../../../../arm-none-eabi/lib/armv7-m\libc.a(lib_a-fvwrite.o)
 .ARM.attributes
                0x00000c42       0x2d c:/program files (x86)/atmel/studio/7.0/toolchain/arm/arm-gnu-toolchain/bin/../lib/gcc/arm-none-eabi/4.9.3/../../../../arm-none-eabi/lib/armv7-m\libc.a(lib_a-fwalk.o)
 .ARM.attributes
                0x00000c6f       0x2d c:/program files (x86)/atmel/studio/7.0/toolchain/arm/arm-gnu-toolchain/bin/../lib/gcc/arm-none-eabi/4.9.3/../../../../arm-none-eabi/lib/armv7-m\libc.a(lib_a-gdtoa-gethex.o)
 .ARM.attributes
                0x00000c9c       0x2d c:/program files (x86)/atmel/studio/7.0/toolchain/arm/arm-gnu-toolchain/bin/../lib/gcc/arm-none-eabi/4.9.3/../../../../arm-none-eabi/lib/armv7-m\libc.a(lib_a-gdtoa-hexnan.o)
 .ARM.attributes
                0x00000cc9       0x2d c:/program files (x86)/atmel/studio/7.0/toolchain/arm/arm-gnu-toolchain/bin/../lib/gcc/arm-none-eabi/4.9.3/../../../../arm-none-eabi/lib/armv7-m\libc.a(lib_a-locale.o)
 .ARM.attributes
                0x00000cf6       0x2d c:/program files (x86)/atmel/studio/7.0/toolchain/arm/arm-gnu-toolchain/bin/../lib/gcc/arm-none-eabi/4.9.3/../../../../arm-none-eabi/lib/armv7-m\libc.a(lib_a-makebuf.o)
 .ARM.attributes
                0x00000d23       0x2d c:/program files (x86)/atmel/studio/7.0/toolchain/arm/arm-gnu-toolchain/bin/../lib/gcc/arm-none-eabi/4.9.3/../../../../arm-none-eabi/lib/armv7-m\libc.a(lib_a-malloc.o)
 .ARM.attributes
                0x00000d50       0x2d c:/program files (x86)/atmel/studio/7.0/toolchain/arm/arm-gnu-toolchain/bin/../lib/gcc/arm-none-eabi/4.9.3/../../../../arm-none-eabi/lib/armv7-m\libc.a(lib_a-mallocr.o)
 .ARM.attributes
                0x00000d7d       0x2d c:/program files (x86)/atmel/studio/7.0/toolchain/arm/arm-gnu-toolchain/bin/../lib/gcc/arm-none-eabi/4.9.3/../../../../arm-none-eabi/lib/armv7-m\libc.a(lib_a-memchr.o)
 .ARM.attributes
                0x00000daa       0x2d c:/program files (x86)/atmel/studio/7.0/toolchain/arm/arm-gnu-toolchain/bin/../lib/gcc/arm-none-eabi/4.9.3/../../../../arm-none-eabi/lib/armv7-m\libc.a(lib_a-memmove.o)
 .ARM.attributes
                0x00000dd7       0x2d c:/program files (x86)/atmel/studio/7.0/toolchain/arm/arm-gnu-toolchain/bin/../lib/gcc/arm-none-eabi/4.9.3/../../../../arm-none-eabi/lib/armv7-m\libc.a(lib_a-mlock.o)
 .ARM.attributes
                0x00000e04       0x2d c:/program files (x86)/atmel/studio/7.0/toolchain/arm/arm-gnu-toolchain/bin/../lib/gcc/arm-none-eabi/4.9.3/../../../../arm-none-eabi/lib/armv7-m\libc.a(lib_a-mprec.o)
 .ARM.attributes
                0x00000e31       0x2d c:/program files (x86)/atmel/studio/7.0/toolchain/arm/arm-gnu-toolchain/bin/../lib/gcc/arm-none-eabi/4.9.3/../../../../arm-none-eabi/lib/armv7-m\libc.a(lib_a-reallocr.o)
 .ARM.attributes
                0x00000e5e       0x2d c:/program files (x86)/atmel/studio/7.0/toolchain/arm/arm-gnu-toolchain/bin/../lib/gcc/arm-none-eabi/4.9.3/../../../../arm-none-eabi/lib/armv7-m\libc.a(lib_a-refill.o)
 .ARM.attributes
                0x00000e8b       0x2d c:/program files (x86)/atmel/studio/7.0/toolchain/arm/arm-gnu-toolchain/bin/../lib/gcc/arm-none-eabi/4.9.3/../../../../arm-none-eabi/lib/armv7-m\libc.a(lib_a-sbrkr.o)
 .ARM.attributes
                0x00000eb8       0x2d c:/program files (x86)/atmel/studio/7.0/toolchain/arm/arm-gnu-toolchain/bin/../lib/gcc/arm-none-eabi/4.9.3/../../../../arm-none-eabi/lib/armv7-m\libc.a(lib_a-stdio.o)
 .ARM.attributes
                0x00000ee5       0x2d c:/program files (x86)/atmel/studio/7.0/toolchain/arm/arm-gnu-toolchain/bin/../lib/gcc/arm-none-eabi/4.9.3/../../../../arm-none-eabi/lib/armv7-m\libc.a(lib_a-wbuf.o)
 .ARM.attributes
                0x00000f12       0x2d c:/program files (x86)/atmel/studio/7.0/toolchain/arm/arm-gnu-toolchain/bin/../lib/gcc/arm-none-eabi/4.9.3/../../../../arm-none-eabi/lib/armv7-m\libc.a(lib_a-wcrtomb.o)
 .ARM.attributes
                0x00000f3f       0x2d c:/program files (x86)/atmel/studio/7.0/toolchain/arm/arm-gnu-toolchain/bin/../lib/gcc/arm-none-eabi/4.9.3/../../../../arm-none-eabi/lib/armv7-m\libc.a(lib_a-wctomb_r.o)
 .ARM.attributes
                0x00000f6c       0x2d c:/program files (x86)/atmel/studio/7.0/toolchain/arm/arm-gnu-toolchain/bin/../lib/gcc/arm-none-eabi/4.9.3/../../../../arm-none-eabi/lib/armv7-m\libc.a(lib_a-writer.o)
 .ARM.attributes
                0x00000f99       0x2d c:/program files (x86)/atmel/studio/7.0/toolchain/arm/arm-gnu-toolchain/bin/../lib/gcc/arm-none-eabi/4.9.3/../../../../arm-none-eabi/lib/armv7-m\libc.a(lib_a-__atexit.o)
 .ARM.attributes
                0x00000fc6       0x2d c:/program files (x86)/atmel/studio/7.0/toolchain/arm/arm-gnu-toolchain/bin/../lib/gcc/arm-none-eabi/4.9.3/../../../../arm-none-eabi/lib/armv7-m\libc.a(lib_a-callocr.o)
 .ARM.attributes